Archive member included to satisfy reference by file (symbol)

/opt/riscv-none-gcc/8.2.0-2.2-20190521-0004/bin/../lib/gcc/riscv-none-embed/8.2.0/rv32im/ilp32/libgcc.a(_ffssi2.o)
                              gcc//home/zrb/A311D2_20220415/A311D2_20220408_64bit/bootloader/uboot-repo/bl30/src_ao/demos/amlogic/driver/leds//leds_state.o (__ffssi2)
/opt/riscv-none-gcc/8.2.0-2.2-20190521-0004/bin/../lib/gcc/riscv-none-embed/8.2.0/rv32im/ilp32/libgcc.a(_clz.o)
                              /opt/riscv-none-gcc/8.2.0-2.2-20190521-0004/bin/../lib/gcc/riscv-none-embed/8.2.0/rv32im/ilp32/libgcc.a(_ffssi2.o) (__clz_tab)
/opt/riscv-none-gcc/8.2.0-2.2-20190521-0004/bin/../lib/gcc/riscv-none-embed/8.2.0/rv32im/ilp32/libgcc.a(_udivdi3.o)
                              gcc//home/zrb/A311D2_20220415/A311D2_20220408_64bit/bootloader/uboot-repo/bl30/src_ao/demos/amlogic/driver/timer_source//timer_source.o (__udivdi3)

Discarded input sections

 .text          0x0000000000000000        0x0 gcc//home/zrb/A311D2_20220415/A311D2_20220408_64bit/bootloader/uboot-repo/bl30/src_ao/demos/amlogic/driver/cec//hdmi_cec.o
 .data          0x0000000000000000        0x0 gcc//home/zrb/A311D2_20220415/A311D2_20220408_64bit/bootloader/uboot-repo/bl30/src_ao/demos/amlogic/driver/cec//hdmi_cec.o
 .bss           0x0000000000000000        0x0 gcc//home/zrb/A311D2_20220415/A311D2_20220408_64bit/bootloader/uboot-repo/bl30/src_ao/demos/amlogic/driver/cec//hdmi_cec.o
 .text.cec_delay
                0x0000000000000000       0x20 gcc//home/zrb/A311D2_20220415/A311D2_20220408_64bit/bootloader/uboot-repo/bl30/src_ao/demos/amlogic/driver/cec//hdmi_cec.o
 .text.cec_update_phyaddress
                0x0000000000000000       0x2a gcc//home/zrb/A311D2_20220415/A311D2_20220408_64bit/bootloader/uboot-repo/bl30/src_ao/demos/amlogic/driver/cec//hdmi_cec.o
 .text.cec_update_func_cfg
                0x0000000000000000        0xa gcc//home/zrb/A311D2_20220415/A311D2_20220408_64bit/bootloader/uboot-repo/bl30/src_ao/demos/amlogic/driver/cec//hdmi_cec.o
 .text.cec_get_wakup_flag
                0x0000000000000000        0xc gcc//home/zrb/A311D2_20220415/A311D2_20220408_64bit/bootloader/uboot-repo/bl30/src_ao/demos/amlogic/driver/cec//hdmi_cec.o
 .rodata.cec_update_phyaddress.str1.4
                0x0000000000000000       0x15 gcc//home/zrb/A311D2_20220415/A311D2_20220408_64bit/bootloader/uboot-repo/bl30/src_ao/demos/amlogic/driver/cec//hdmi_cec.o
 .text          0x0000000000000000        0x0 gcc//home/zrb/A311D2_20220415/A311D2_20220408_64bit/bootloader/uboot-repo/bl30/src_ao/demos/amlogic/driver/saradc//saradc_g12a.o
 .data          0x0000000000000000        0x0 gcc//home/zrb/A311D2_20220415/A311D2_20220408_64bit/bootloader/uboot-repo/bl30/src_ao/demos/amlogic/driver/saradc//saradc_g12a.o
 .bss           0x0000000000000000        0x0 gcc//home/zrb/A311D2_20220415/A311D2_20220408_64bit/bootloader/uboot-repo/bl30/src_ao/demos/amlogic/driver/saradc//saradc_g12a.o
 .text.vAdcHandlerISR
                0x0000000000000000       0x44 gcc//home/zrb/A311D2_20220415/A311D2_20220408_64bit/bootloader/uboot-repo/bl30/src_ao/demos/amlogic/driver/saradc//saradc_g12a.o
 .text.vAdcInit
                0x0000000000000000      0x112 gcc//home/zrb/A311D2_20220415/A311D2_20220408_64bit/bootloader/uboot-repo/bl30/src_ao/demos/amlogic/driver/saradc//saradc_g12a.o
 .text.vAdcDeinit
                0x0000000000000000       0x76 gcc//home/zrb/A311D2_20220415/A311D2_20220408_64bit/bootloader/uboot-repo/bl30/src_ao/demos/amlogic/driver/saradc//saradc_g12a.o
 .text.vAdcHwEnable
                0x0000000000000000       0x70 gcc//home/zrb/A311D2_20220415/A311D2_20220408_64bit/bootloader/uboot-repo/bl30/src_ao/demos/amlogic/driver/saradc//saradc_g12a.o
 .text.vAdcHwDisable
                0x0000000000000000       0x60 gcc//home/zrb/A311D2_20220415/A311D2_20220408_64bit/bootloader/uboot-repo/bl30/src_ao/demos/amlogic/driver/saradc//saradc_g12a.o
 .text.xAdcGetSample
                0x0000000000000000      0x268 gcc//home/zrb/A311D2_20220415/A311D2_20220408_64bit/bootloader/uboot-repo/bl30/src_ao/demos/amlogic/driver/saradc//saradc_g12a.o
 .text.vAdcSelfTest
                0x0000000000000000       0x9e gcc//home/zrb/A311D2_20220415/A311D2_20220408_64bit/bootloader/uboot-repo/bl30/src_ao/demos/amlogic/driver/saradc//saradc_g12a.o
 .bss.SaradcRegBackup
                0x0000000000000000       0x4c gcc//home/zrb/A311D2_20220415/A311D2_20220408_64bit/bootloader/uboot-repo/bl30/src_ao/demos/amlogic/driver/saradc//saradc_g12a.o
 .rodata.ch7Vol
                0x0000000000000000       0x14 gcc//home/zrb/A311D2_20220415/A311D2_20220408_64bit/bootloader/uboot-repo/bl30/src_ao/demos/amlogic/driver/saradc//saradc_g12a.o
 .rodata.str1.4
                0x0000000000000000       0x20 gcc//home/zrb/A311D2_20220415/A311D2_20220408_64bit/bootloader/uboot-repo/bl30/src_ao/demos/amlogic/driver/saradc//saradc_g12a.o
 .rodata.vAdcInit.str1.4
[...]
Memory Configuration

Name             Origin             Length             Attributes
ram              0x00000000f71ef000 0x0000000000010000 rw
*default*        0x0000000000000000 0xffffffffffffffff

Linker script and memory map

LOAD gcc//home/zrb/A311D2_20220415/A311D2_20220408_64bit/bootloader/uboot-repo/bl30/src_ao/demos/amlogic/driver/cec//hdmi_cec.o
LOAD gcc//home/zrb/A311D2_20220415/A311D2_20220408_64bit/bootloader/uboot-repo/bl30/src_ao/demos/amlogic/driver/saradc//saradc_g12a.o
LOAD gcc//home/zrb/A311D2_20220415/A311D2_20220408_64bit/bootloader/uboot-repo/bl30/src_ao/demos/amlogic/driver/gpio//gpio.o
LOAD gcc//home/zrb/A311D2_20220415/A311D2_20220408_64bit/bootloader/uboot-repo/bl30/src_ao/demos/amlogic/driver/gpio//gpio_irq.o
LOAD gcc//home/zrb/A311D2_20220415/A311D2_20220408_64bit/bootloader/uboot-repo/bl30/src_ao/demos/amlogic/driver/gpio//gpio_t7_plat.o
LOAD gcc//home/zrb/A311D2_20220415/A311D2_20220408_64bit/bootloader/uboot-repo/bl30/src_ao/demos/amlogic/driver/hdmirx/t7_common//hdmirx_wake.o
LOAD gcc//home/zrb/A311D2_20220415/A311D2_20220408_64bit/bootloader/uboot-repo/bl30/src_ao/demos/amlogic/driver/i2c//i2c.o
LOAD gcc//home/zrb/A311D2_20220415/A311D2_20220408_64bit/bootloader/uboot-repo/bl30/src_ao/demos/amlogic/driver/i2c//t7_plat.o
LOAD gcc//home/zrb/A311D2_20220415/A311D2_20220408_64bit/bootloader/uboot-repo/bl30/src_ao/demos/amlogic/driver/str//suspend.o
LOAD gcc//home/zrb/A311D2_20220415/A311D2_20220408_64bit/bootloader/uboot-repo/bl30/src_ao/demos/amlogic/driver/eth//eth.o
LOAD gcc//home/zrb/A311D2_20220415/A311D2_20220408_64bit/bootloader/uboot-repo/bl30/src_ao/demos/amlogic/driver/mailbox//mailbox-htbl.o
LOAD gcc//home/zrb/A311D2_20220415/A311D2_20220408_64bit/bootloader/uboot-repo/bl30/src_ao/demos/amlogic/driver/mailbox//mailbox-irq.o
LOAD gcc//home/zrb/A311D2_20220415/A311D2_20220408_64bit/bootloader/uboot-repo/bl30/src_ao/demos/amlogic/driver/mailbox//mailbox.o
LOAD gcc//home/zrb/A311D2_20220415/A311D2_20220408_64bit/bootloader/uboot-repo/bl30/src_ao/demos/amlogic/driver/mailbox//rpc-user.o
LOAD gcc//home/zrb/A311D2_20220415/A311D2_20220408_64bit/bootloader/uboot-repo/bl30/src_ao/demos/amlogic/driver/get_version//version.o
LOAD gcc//home/zrb/A311D2_20220415/A311D2_20220408_64bit/bootloader/uboot-repo/bl30/src_ao/demos/amlogic/driver/pwm//pwm_meson_v2.o
LOAD gcc//home/zrb/A311D2_20220415/A311D2_20220408_64bit/bootloader/uboot-repo/bl30/src_ao/demos/amlogic/driver/pwm//pwm_t7_plat.o
LOAD gcc//home/zrb/A311D2_20220415/A311D2_20220408_64bit/bootloader/uboot-repo/bl30/src_ao/demos/amlogic/driver/timer_source//timer_source.o
LOAD gcc//home/zrb/A311D2_20220415/A311D2_20220408_64bit/bootloader/uboot-repo/bl30/src_ao/demos/amlogic/driver/vrtc//vrtc.o
LOAD gcc//home/zrb/A311D2_20220415/A311D2_20220408_64bit/bootloader/uboot-repo/bl30/src_ao/demos/amlogic/driver/ir//ir.o
LOAD gcc//home/zrb/A311D2_20220415/A311D2_20220408_64bit/bootloader/uboot-repo/bl30/src_ao/demos/amlogic/driver/ir//ir_regmap.o
LOAD gcc//home/zrb/A311D2_20220415/A311D2_20220408_64bit/bootloader/uboot-repo/bl30/src_ao/demos/amlogic/driver/uart//uart.o
LOAD gcc//home/zrb/A311D2_20220415/A311D2_20220408_64bit/bootloader/uboot-repo/bl30/src_ao/demos/amlogic/driver/key//adc_key.o
LOAD gcc//home/zrb/A311D2_20220415/A311D2_20220408_64bit/bootloader/uboot-repo/bl30/src_ao/demos/amlogic/driver/key//dynamic_keypad.o
LOAD gcc//home/zrb/A311D2_20220415/A311D2_20220408_64bit/bootloader/uboot-repo/bl30/src_ao/demos/amlogic/driver/key//gpio_key.o
LOAD gcc//home/zrb/A311D2_20220415/A311D2_20220408_64bit/bootloader/uboot-repo/bl30/src_ao/demos/amlogic/driver/leds//leds_state.o
LOAD gcc//home/zrb/A311D2_20220415/A311D2_20220408_64bit/bootloader/uboot-repo/bl30/src_ao/demos/amlogic/driver/leds//leds_t7_plat.o
LOAD gcc/main.o
LOAD gcc/power.o
LOAD gcc/list.o
LOAD gcc/queue.o
LOAD gcc/tasks.o
LOAD gcc/timers.o
LOAD gcc/port.o
LOAD gcc/portasm.o
LOAD gcc/heap_5.o
LOAD gcc/n200_func.o
LOAD gcc/handlers.o
LOAD gcc/interrupt_control.o
LOAD gcc/util.o
LOAD gcc/myprintf.o
LOAD gcc/start.o
LOAD gcc/vtable.o
LOAD gcc/keypad.o
LOAD gcc/btwake.o
LOAD /opt/riscv-none-gcc/8.2.0-2.2-20190521-0004/bin/../lib/gcc/riscv-none-embed/8.2.0/rv32im/ilp32/libgcc.a
                0x0000000000000800                __stack_size = DEFINED (__stack_size)?__stack_size:0x800

.text           0x00000000f71ef000     0x9ecc
                0x00000000f71ef000                . = ALIGN (0x4)
                [!provide]                        PROVIDE (_text = .)
 *(.init)
 .init          0x00000000f71ef000       0x94 gcc/start.o
                0x00000000f71ef000                _start
                0x00000000f71ef072                disable_mcycle_minstret
                0x00000000f71ef078                enable_mcycle_minstret
                0x00000000f71ef07e                core_wfe
 *(.text* .rodata*)
 .text.cec_get_wakeup_otp_msg
                0x00000000f71ef094       0x20 gcc//home/zrb/A311D2_20220415/A311D2_20220408_64bit/bootloader/uboot-repo/bl30/src_ao/demos/amlogic/driver/cec//hdmi_cec.o
 .text.cec_get_wakeup_as_msg
                0x00000000f71ef0b4       0x20 gcc//home/zrb/A311D2_20220415/A311D2_20220408_64bit/bootloader/uboot-repo/bl30/src_ao/demos/amlogic/driver/cec//hdmi_cec.o
 .text.cec_update_config_data
                0x00000000f71ef0d4       0xa6 gcc//home/zrb/A311D2_20220415/A311D2_20220408_64bit/bootloader/uboot-repo/bl30/src_ao/demos/amlogic/driver/cec//hdmi_cec.o
                0x00000000f71ef0d4                cec_update_config_data
 .text.read_ao.part.3
                0x00000000f71ef17a       0x22 gcc//home/zrb/A311D2_20220415/A311D2_20220408_64bit/bootloader/uboot-repo/bl30/src_ao/demos/amlogic/driver/cec//hdmi_cec.o
 .text.write_ao.part.4
                0x00000000f71ef19c       0x16 gcc//home/zrb/A311D2_20220415/A311D2_20220408_64bit/bootloader/uboot-repo/bl30/src_ao/demos/amlogic/driver/cec//hdmi_cec.o
 .text.cec_set_reg_bits
                0x00000000f71ef1b2       0x82 gcc//home/zrb/A311D2_20220415/A311D2_20220408_64bit/bootloader/uboot-repo/bl30/src_ao/demos/amlogic/driver/cec//hdmi_cec.o
 .text.cecb_rd_reg
                0x00000000f71ef234       0x9e gcc//home/zrb/A311D2_20220415/A311D2_20220408_64bit/bootloader/uboot-repo/bl30/src_ao/demos/amlogic/driver/cec//hdmi_cec.o
 .text.cecb_wr_reg
                0x00000000f71ef2d2       0xb8 gcc//home/zrb/A311D2_20220415/A311D2_20220408_64bit/bootloader/uboot-repo/bl30/src_ao/demos/amlogic/driver/cec//hdmi_cec.o
 .text.ceca_rd_reg
                0x00000000f71ef38a       0x9e gcc//home/zrb/A311D2_20220415/A311D2_20220408_64bit/bootloader/uboot-repo/bl30/src_ao/demos/amlogic/driver/cec//hdmi_cec.o
 .text.ceca_wr_reg
                0x00000000f71ef428       0xb8 gcc//home/zrb/A311D2_20220415/A311D2_20220408_64bit/bootloader/uboot-repo/bl30/src_ao/demos/amlogic/driver/cec//hdmi_cec.o
 .text.cec_set_log_addr
                0x00000000f71ef4e0       0x9a gcc//home/zrb/A311D2_20220415/A311D2_20220408_64bit/bootloader/uboot-repo/bl30/src_ao/demos/amlogic/driver/cec//hdmi_cec.o
 .text.cec_get_wakeup_info2
                0x00000000f71ef57a       0x64 gcc//home/zrb/A311D2_20220415/A311D2_20220408_64bit/bootloader/uboot-repo/bl30/src_ao/demos/amlogic/driver/cec//hdmi_cec.o
 .text.cec_get_wakeup_info1
                0x00000000f71ef5de       0x64 gcc//home/zrb/A311D2_20220415/A311D2_20220408_64bit/bootloader/uboot-repo/bl30/src_ao/demos/amlogic/driver/cec//hdmi_cec.o
 .text.cec_get_log_addr
                0x00000000f71ef642       0x9c gcc//home/zrb/A311D2_20220415/A311D2_20220408_64bit/bootloader/uboot-repo/bl30/src_ao/demos/amlogic/driver/cec//hdmi_cec.o
 .text.cec_save_port_id
                0x00000000f71ef6de       0xee gcc//home/zrb/A311D2_20220415/A311D2_20220408_64bit/bootloader/uboot-repo/bl30/src_ao/demos/amlogic/driver/cec//hdmi_cec.o
 .text.cec_set_wk_msg.part.7.constprop.11
                0x00000000f71ef7cc      0x16a gcc//home/zrb/A311D2_20220415/A311D2_20220408_64bit/bootloader/uboot-repo/bl30/src_ao/demos/amlogic/driver/cec//hdmi_cec.o
 .text.ceca_hw_reset
                0x00000000f71ef936      0x206 gcc//home/zrb/A311D2_20220415/A311D2_20220408_64bit/bootloader/uboot-repo/bl30/src_ao/demos/amlogic/driver/cec//hdmi_cec.o
 .text.cec_triggle_tx
                0x00000000f71efb3c      0x21c gcc//home/zrb/A311D2_20220415/A311D2_20220408_64bit/bootloader/uboot-repo/bl30/src_ao/demos/amlogic/driver/cec//hdmi_cec.o
 .text.cec_queue_tx_msg
                0x00000000f71efd58       0x90 gcc//home/zrb/A311D2_20220415/A311D2_20220408_64bit/bootloader/uboot-repo/bl30/src_ao/demos/amlogic/driver/cec//hdmi_cec.o
 .text.cec_suspend_handle
                0x00000000f71efde8     0x123e gcc//home/zrb/A311D2_20220415/A311D2_20220408_64bit/bootloader/uboot-repo/bl30/src_ao/demos/amlogic/driver/cec//hdmi_cec.o
                0x00000000f71efde8                cec_suspend_handle
 .text.cec_init_config
                0x00000000f71f1026      0x16a gcc//home/zrb/A311D2_20220415/A311D2_20220408_64bit/bootloader/uboot-repo/bl30/src_ao/demos/amlogic/driver/cec//hdmi_cec.o
                0x00000000f71f1026                cec_init_config
 .text.vCEC_task
                0x00000000f71f1190       0xc0 gcc//home/zrb/A311D2_20220415/A311D2_20220408_64bit/bootloader/uboot-repo/bl30/src_ao/demos/amlogic/driver/cec//hdmi_cec.o
                0x00000000f71f1190                vCEC_task
 .text.vCecCallbackInit
                0x00000000f71f1250      0x19a gcc//home/zrb/A311D2_20220415/A311D2_20220408_64bit/bootloader/uboot-repo/bl30/src_ao/demos/amlogic/driver/cec//hdmi_cec.o
                0x00000000f71f1250                vCecCallbackInit
 .text.cec_req_irq
                0x00000000f71f13ea        0x2 gcc//home/zrb/A311D2_20220415/A311D2_20220408_64bit/bootloader/uboot-repo/bl30/src_ao/demos/amlogic/driver/cec//hdmi_cec.o
                0x00000000f71f13ea                cec_req_irq
 .rodata        0x00000000f71f13ec       0x24 gcc//home/zrb/A311D2_20220415/A311D2_20220408_64bit/bootloader/uboot-repo/bl30/src_ao/demos/amlogic/driver/cec//hdmi_cec.o
 .rodata.__func__.3305
                0x00000000f71f1410        0x9 gcc//home/zrb/A311D2_20220415/A311D2_20220408_64bit/bootloader/uboot-repo/bl30/src_ao/demos/amlogic/driver/cec//hdmi_cec.o
 *fill*         0x00000000f71f1419        0x3 
 .rodata.__func__.3366
                0x00000000f71f141c       0x19 gcc//home/zrb/A311D2_20220415/A311D2_20220408_64bit/bootloader/uboot-repo/bl30/src_ao/demos/amlogic/driver/cec//hdmi_cec.o
 *fill*         0x00000000f71f1435        0x3 
 .rodata.__func__.3371
                0x00000000f71f1438       0x15 gcc//home/zrb/A311D2_20220415/A311D2_20220408_64bit/bootloader/uboot-repo/bl30/src_ao/demos/amlogic/driver/cec//hdmi_cec.o
 *fill*         0x00000000f71f144d        0x3 
 .rodata.__func__.3376
                0x00000000f71f1450       0x15 gcc//home/zrb/A311D2_20220415/A311D2_20220408_64bit/bootloader/uboot-repo/bl30/src_ao/demos/amlogic/driver/cec//hdmi_cec.o
 *fill*         0x00000000f71f1465        0x3 
 .rodata.__func__.3388
                0x00000000f71f1468       0x10 gcc//home/zrb/A311D2_20220415/A311D2_20220408_64bit/bootloader/uboot-repo/bl30/src_ao/demos/amlogic/driver/cec//hdmi_cec.o
 .rodata.__func__.3484
                0x00000000f71f1478       0x13 gcc//home/zrb/A311D2_20220415/A311D2_20220408_64bit/bootloader/uboot-repo/bl30/src_ao/demos/amlogic/driver/cec//hdmi_cec.o
 *fill*         0x00000000f71f148b        0x1 
 .rodata.__func__.3495
                0x00000000f71f148c       0x13 gcc//home/zrb/A311D2_20220415/A311D2_20220408_64bit/bootloader/uboot-repo/bl30/src_ao/demos/amlogic/driver/cec//hdmi_cec.o
 *fill*         0x00000000f71f149f        0x1 
 .rodata.__func__.3524
                0x00000000f71f14a0       0x14 gcc//home/zrb/A311D2_20220415/A311D2_20220408_64bit/bootloader/uboot-repo/bl30/src_ao/demos/amlogic/driver/cec//hdmi_cec.o
 .rodata.__func__.3530
                0x00000000f71f14b4       0x13 gcc//home/zrb/A311D2_20220415/A311D2_20220408_64bit/bootloader/uboot-repo/bl30/src_ao/demos/amlogic/driver/cec//hdmi_cec.o
 *fill*         0x00000000f71f14c7        0x1 
 .rodata.__func__.3688
                0x00000000f71f14c8        0xa gcc//home/zrb/A311D2_20220415/A311D2_20220408_64bit/bootloader/uboot-repo/bl30/src_ao/demos/amlogic/driver/cec//hdmi_cec.o
 *fill*         0x00000000f71f14d2        0x2 
 .rodata.addr_map.3510
                0x00000000f71f14d4        0xf gcc//home/zrb/A311D2_20220415/A311D2_20220408_64bit/bootloader/uboot-repo/bl30/src_ao/demos/amlogic/driver/cec//hdmi_cec.o
 *fill*         0x00000000f71f14e3        0x1 
 .rodata.cec_get_wakeup_info2.str1.4
                0x00000000f71f14e4       0x11 gcc//home/zrb/A311D2_20220415/A311D2_20220408_64bit/bootloader/uboot-repo/bl30/src_ao/demos/amlogic/driver/cec//hdmi_cec.o
 *fill*         0x00000000f71f14f5        0x3 
 .rodata.cec_init_config.str1.4
                0x00000000f71f14f8       0x43 gcc//home/zrb/A311D2_20220415/A311D2_20220408_64bit/bootloader/uboot-repo/bl30/src_ao/demos/amlogic/driver/cec//hdmi_cec.o
                                         0x47 (size before relaxing)
 *fill*         0x00000000f71f153b        0x1 
 .rodata.cec_queue_tx_msg.str1.4
                0x00000000f71f153c       0x1b gcc//home/zrb/A311D2_20220415/A311D2_20220408_64bit/bootloader/uboot-repo/bl30/src_ao/demos/amlogic/driver/cec//hdmi_cec.o
 *fill*         0x00000000f71f1557        0x1 
 .rodata.cec_save_port_id.str1.4
                0x00000000f71f1558       0x2a gcc//home/zrb/A311D2_20220415/A311D2_20220408_64bit/bootloader/uboot-repo/bl30/src_ao/demos/amlogic/driver/cec//hdmi_cec.o
 *fill*         0x00000000f71f1582        0x2 
 .rodata.cec_set_wk_msg.part.7.constprop.11.str1.4
                0x00000000f71f1584       0x17 gcc//home/zrb/A311D2_20220415/A311D2_20220408_64bit/bootloader/uboot-repo/bl30/src_ao/demos/amlogic/driver/cec//hdmi_cec.o
 *fill*         0x00000000f71f159b        0x1 
 .rodata.cec_suspend_handle.str1.4
                0x00000000f71f159c      0x325 gcc//home/zrb/A311D2_20220415/A311D2_20220408_64bit/bootloader/uboot-repo/bl30/src_ao/demos/amlogic/driver/cec//hdmi_cec.o
                                        0x32d (size before relaxing)
 *fill*         0x00000000f71f18c1        0x3 
 .rodata.cec_triggle_tx.str1.4
                0x00000000f71f18c4       0x6f gcc//home/zrb/A311D2_20220415/A311D2_20220408_64bit/bootloader/uboot-repo/bl30/src_ao/demos/amlogic/driver/cec//hdmi_cec.o
 *fill*         0x00000000f71f1933        0x1 
 .rodata.cec_update_config_data.str1.4
                0x00000000f71f1934       0x46 gcc//home/zrb/A311D2_20220415/A311D2_20220408_64bit/bootloader/uboot-repo/bl30/src_ao/demos/amlogic/driver/cec//hdmi_cec.o
                                         0x4a (size before relaxing)
 *fill*         0x00000000f71f197a        0x2 
 .rodata.ceca_hw_reset.str1.4
                0x00000000f71f197c       0x27 gcc//home/zrb/A311D2_20220415/A311D2_20220408_64bit/bootloader/uboot-repo/bl30/src_ao/demos/amlogic/driver/cec//hdmi_cec.o
 *fill*         0x00000000f71f19a3        0x1 
 .rodata.cecb_rd_reg.str1.4
                0x00000000f71f19a4       0x16 gcc//home/zrb/A311D2_20220415/A311D2_20220408_64bit/bootloader/uboot-repo/bl30/src_ao/demos/amlogic/driver/cec//hdmi_cec.o
 *fill*         0x00000000f71f19ba        0x2 
 .rodata.cecb_wr_reg.str1.4
                0x00000000f71f19bc       0x16 gcc//home/zrb/A311D2_20220415/A311D2_20220408_64bit/bootloader/uboot-repo/bl30/src_ao/demos/amlogic/driver/cec//hdmi_cec.o
 *fill*         0x00000000f71f19d2        0x2 
 .rodata.read_ao.part.3.str1.4
                0x00000000f71f19d4       0x10 gcc//home/zrb/A311D2_20220415/A311D2_20220408_64bit/bootloader/uboot-repo/bl30/src_ao/demos/amlogic/driver/cec//hdmi_cec.o
 .rodata.vCEC_task.str1.4
                0x00000000f71f19e4       0x1b gcc//home/zrb/A311D2_20220415/A311D2_20220408_64bit/bootloader/uboot-repo/bl30/src_ao/demos/amlogic/driver/cec//hdmi_cec.o
 *fill*         0x00000000f71f19ff        0x1 
 .rodata.vCecCallbackInit.str1.4
                0x00000000f71f1a00       0x1d gcc//home/zrb/A311D2_20220415/A311D2_20220408_64bit/bootloader/uboot-repo/bl30/src_ao/demos/amlogic/driver/cec//hdmi_cec.o
 *fill*         0x00000000f71f1a1d        0x3 
 .rodata.write_ao.part.4.str1.4
                0x00000000f71f1a20        0xf gcc//home/zrb/A311D2_20220415/A311D2_20220408_64bit/bootloader/uboot-repo/bl30/src_ao/demos/amlogic/driver/cec//hdmi_cec.o
 *fill*         0x00000000f71f1a2f        0x1 
 .text.xGpioSetDir
                0x00000000f71f1a30       0xc6 gcc//home/zrb/A311D2_20220415/A311D2_20220408_64bit/bootloader/uboot-repo/bl30/src_ao/demos/amlogic/driver/gpio//gpio.o
                0x00000000f71f1a30                xGpioSetDir
 .text.xGpioSetValue
                0x00000000f71f1af6       0xc6 gcc//home/zrb/A311D2_20220415/A311D2_20220408_64bit/bootloader/uboot-repo/bl30/src_ao/demos/amlogic/driver/gpio//gpio.o
                0x00000000f71f1af6                xGpioSetValue
 .text.xGpioGetValue
                0x00000000f71f1bbc       0x3c gcc//home/zrb/A311D2_20220415/A311D2_20220408_64bit/bootloader/uboot-repo/bl30/src_ao/demos/amlogic/driver/gpio//gpio.o
                0x00000000f71f1bbc                xGpioGetValue
 .text.xPinconfSet
                0x00000000f71f1bf8      0x1ee gcc//home/zrb/A311D2_20220415/A311D2_20220408_64bit/bootloader/uboot-repo/bl30/src_ao/demos/amlogic/driver/gpio//gpio.o
                0x00000000f71f1bf8                xPinconfSet
 .text.xPinmuxSet
                0x00000000f71f1de6       0xd2 gcc//home/zrb/A311D2_20220415/A311D2_20220408_64bit/bootloader/uboot-repo/bl30/src_ao/demos/amlogic/driver/gpio//gpio.o
                0x00000000f71f1de6                xPinmuxSet
 *fill*         0x00000000f71f1eb8        0x0 
 .rodata.xGpioSetDir.str1.4
                0x00000000f71f1eb8       0x2b gcc//home/zrb/A311D2_20220415/A311D2_20220408_64bit/bootloader/uboot-repo/bl30/src_ao/demos/amlogic/driver/gpio//gpio.o
 *fill*         0x00000000f71f1ee3        0x1 
 .rodata.xGpioSetValue.str1.4
                0x00000000f71f1ee4       0x2e gcc//home/zrb/A311D2_20220415/A311D2_20220408_64bit/bootloader/uboot-repo/bl30/src_ao/demos/amlogic/driver/gpio//gpio.o
 *fill*         0x00000000f71f1f12        0x2 
 .rodata.xPinmuxSet.str1.4
                0x00000000f71f1f14       0x27 gcc//home/zrb/A311D2_20220415/A311D2_20220408_64bit/bootloader/uboot-repo/bl30/src_ao/demos/amlogic/driver/gpio//gpio.o
 *fill*         0x00000000f71f1f3b        0x1 
 .text.prvFreeParentIRQ
                0x00000000f71f1f3c       0x88 gcc//home/zrb/A311D2_20220415/A311D2_20220408_64bit/bootloader/uboot-repo/bl30/src_ao/demos/amlogic/driver/gpio//gpio_irq.o
 .text.vGpioIRQInit
                0x00000000f71f1fc4       0x14 gcc//home/zrb/A311D2_20220415/A311D2_20220408_64bit/bootloader/uboot-repo/bl30/src_ao/demos/amlogic/driver/gpio//gpio_irq.o
                0x00000000f71f1fc4                vGpioIRQInit
 .text.xRequestGpioIRQ
                0x00000000f71f1fd8      0x11a gcc//home/zrb/A311D2_20220415/A311D2_20220408_64bit/bootloader/uboot-repo/bl30/src_ao/demos/amlogic/driver/gpio//gpio_irq.o
                0x00000000f71f1fd8                xRequestGpioIRQ
 .text.vFreeGpioIRQ
                0x00000000f71f20f2        0x2 gcc//home/zrb/A311D2_20220415/A311D2_20220408_64bit/bootloader/uboot-repo/bl30/src_ao/demos/amlogic/driver/gpio//gpio_irq.o
                0x00000000f71f20f2                vFreeGpioIRQ
 .text.vDisableGpioIRQ
                0x00000000f71f20f4       0x66 gcc//home/zrb/A311D2_20220415/A311D2_20220408_64bit/bootloader/uboot-repo/bl30/src_ao/demos/amlogic/driver/gpio//gpio_irq.o
                0x00000000f71f20f4                vDisableGpioIRQ
 .text.vRestoreGpioIrqReg
                0x00000000f71f215a       0x2a gcc//home/zrb/A311D2_20220415/A311D2_20220408_64bit/bootloader/uboot-repo/bl30/src_ao/demos/amlogic/driver/gpio//gpio_irq.o
                0x00000000f71f215a                vRestoreGpioIrqReg
 .text.vBackupAndClearGpioIrqReg
                0x00000000f71f2184       0x52 gcc//home/zrb/A311D2_20220415/A311D2_20220408_64bit/bootloader/uboot-repo/bl30/src_ao/demos/amlogic/driver/gpio//gpio_irq.o
                0x00000000f71f2184                vBackupAndClearGpioIrqReg
 *fill*         0x00000000f71f21d6        0x2 
 .rodata.xRequestGpioIRQ.str1.4
                0x00000000f71f21d8       0xb6 gcc//home/zrb/A311D2_20220415/A311D2_20220408_64bit/bootloader/uboot-repo/bl30/src_ao/demos/amlogic/driver/gpio//gpio_irq.o
 .text.pGetGpioBank
                0x00000000f71f228e        0xa gcc//home/zrb/A311D2_20220415/A311D2_20220408_64bit/bootloader/uboot-repo/bl30/src_ao/demos/amlogic/driver/gpio//gpio_t7_plat.o
                0x00000000f71f228e                pGetGpioBank
 .text.pGetGpioIrqBank
                0x00000000f71f2298        0xa gcc//home/zrb/A311D2_20220415/A311D2_20220408_64bit/bootloader/uboot-repo/bl30/src_ao/demos/amlogic/driver/gpio//gpio_t7_plat.o
                0x00000000f71f2298                pGetGpioIrqBank
 .text.prvGpioPlatIrqSetup
                0x00000000f71f22a2       0xcc gcc//home/zrb/A311D2_20220415/A311D2_20220408_64bit/bootloader/uboot-repo/bl30/src_ao/demos/amlogic/driver/gpio//gpio_t7_plat.o
                0x00000000f71f22a2                prvGpioPlatIrqSetup
 *fill*         0x00000000f71f236e        0x2 
 .rodata.eeDomain
                0x00000000f71f2370       0x18 gcc//home/zrb/A311D2_20220415/A311D2_20220408_64bit/bootloader/uboot-repo/bl30/src_ao/demos/amlogic/driver/gpio//gpio_t7_plat.o
 .rodata.gpioBanks
                0x00000000f71f2388      0x120 gcc//home/zrb/A311D2_20220415/A311D2_20220408_64bit/bootloader/uboot-repo/bl30/src_ao/demos/amlogic/driver/gpio//gpio_t7_plat.o
 .rodata.irqBanks
                0x00000000f71f24a8       0x90 gcc//home/zrb/A311D2_20220415/A311D2_20220408_64bit/bootloader/uboot-repo/bl30/src_ao/demos/amlogic/driver/gpio//gpio_t7_plat.o
 .rodata.str1.4
                0x00000000f71f2538       0x37 gcc//home/zrb/A311D2_20220415/A311D2_20220408_64bit/bootloader/uboot-repo/bl30/src_ao/demos/amlogic/driver/gpio//gpio_t7_plat.o
 *fill*         0x00000000f71f256f        0x1 
 .text.hdmirx_IRQHandle
                0x00000000f71f2570       0x90 gcc//home/zrb/A311D2_20220415/A311D2_20220408_64bit/bootloader/uboot-repo/bl30/src_ao/demos/amlogic/driver/hdmirx/t7_common//hdmirx_wake.o
 .text.hdmirx_GpioIRQRegister
                0x00000000f71f2600       0xb8 gcc//home/zrb/A311D2_20220415/A311D2_20220408_64bit/bootloader/uboot-repo/bl30/src_ao/demos/amlogic/driver/hdmirx/t7_common//hdmirx_wake.o
                0x00000000f71f2600                hdmirx_GpioIRQRegister
 .text.hdmirx_GpioIRQFree
                0x00000000f71f26b8       0x3e gcc//home/zrb/A311D2_20220415/A311D2_20220408_64bit/bootloader/uboot-repo/bl30/src_ao/demos/amlogic/driver/hdmirx/t7_common//hdmirx_wake.o
                0x00000000f71f26b8                hdmirx_GpioIRQFree
 *fill*         0x00000000f71f26f6        0x2 
 .rodata.__func__.2588
                0x00000000f71f26f8       0x11 gcc//home/zrb/A311D2_20220415/A311D2_20220408_64bit/bootloader/uboot-repo/bl30/src_ao/demos/amlogic/driver/hdmirx/t7_common//hdmirx_wake.o
 *fill*         0x00000000f71f2709        0x3 
 .rodata.__func__.2592
                0x00000000f71f270c       0x17 gcc//home/zrb/A311D2_20220415/A311D2_20220408_64bit/bootloader/uboot-repo/bl30/src_ao/demos/amlogic/driver/hdmirx/t7_common//hdmirx_wake.o
 *fill*         0x00000000f71f2723        0x1 
 .rodata.hdmirx_GpioIRQRegister.str1.4
                0x00000000f71f2724       0x2a gcc//home/zrb/A311D2_20220415/A311D2_20220408_64bit/bootloader/uboot-repo/bl30/src_ao/demos/amlogic/driver/hdmirx/t7_common//hdmirx_wake.o
 *fill*         0x00000000f71f274e        0x2 
 .rodata.hdmirx_IRQHandle.str1.4
                0x00000000f71f2750       0x2c gcc//home/zrb/A311D2_20220415/A311D2_20220408_64bit/bootloader/uboot-repo/bl30/src_ao/demos/amlogic/driver/hdmirx/t7_common//hdmirx_wake.o
 .text.xMboxGetWakeupReason
                0x00000000f71f277c       0x10 gcc//home/zrb/A311D2_20220415/A311D2_20220408_64bit/bootloader/uboot-repo/bl30/src_ao/demos/amlogic/driver/str//suspend.o
                0x00000000f71f277c                xMboxGetWakeupReason
 .text.xMboxClrWakeupReason
                0x00000000f71f278c        0x4 gcc//home/zrb/A311D2_20220415/A311D2_20220408_64bit/bootloader/uboot-repo/bl30/src_ao/demos/amlogic/driver/str//suspend.o
                0x00000000f71f278c                xMboxClrWakeupReason
 .text.xMboxGetStickRebootFlag
                0x00000000f71f2790       0x22 gcc//home/zrb/A311D2_20220415/A311D2_20220408_64bit/bootloader/uboot-repo/bl30/src_ao/demos/amlogic/driver/str//suspend.o
                0x00000000f71f2790                xMboxGetStickRebootFlag
 .text.xMboxSuspend_Sem
                0x00000000f71f27b2       0x38 gcc//home/zrb/A311D2_20220415/A311D2_20220408_64bit/bootloader/uboot-repo/bl30/src_ao/demos/amlogic/driver/str//suspend.o
                0x00000000f71f27b2                xMboxSuspend_Sem
 .text.xMboxpm_sem
                0x00000000f71f27ea        0x4 gcc//home/zrb/A311D2_20220415/A311D2_20220408_64bit/bootloader/uboot-repo/bl30/src_ao/demos/amlogic/driver/str//suspend.o
                0x00000000f71f27ea                xMboxpm_sem
 .text.vDDR_suspend
                0x00000000f71f27ee        0x2 gcc//home/zrb/A311D2_20220415/A311D2_20220408_64bit/bootloader/uboot-repo/bl30/src_ao/demos/amlogic/driver/str//suspend.o
                0x00000000f71f27ee                vDDR_suspend
 .text.vDDR_resume
                0x00000000f71f27f0        0x2 gcc//home/zrb/A311D2_20220415/A311D2_20220408_64bit/bootloader/uboot-repo/bl30/src_ao/demos/amlogic/driver/str//suspend.o
                0x00000000f71f27f0                vDDR_resume
 .text.store_rtc
                0x00000000f71f27f2        0x2 gcc//home/zrb/A311D2_20220415/A311D2_20220408_64bit/bootloader/uboot-repo/bl30/src_ao/demos/amlogic/driver/str//suspend.o
                0x00000000f71f27f2                store_rtc
 .text.vCLK_suspend
                0x00000000f71f27f4        0x2 gcc//home/zrb/A311D2_20220415/A311D2_20220408_64bit/bootloader/uboot-repo/bl30/src_ao/demos/amlogic/driver/str//suspend.o
                0x00000000f71f27f4                vCLK_suspend
 .text.vCLK_resume
                0x00000000f71f27f6        0x2 gcc//home/zrb/A311D2_20220415/A311D2_20220408_64bit/bootloader/uboot-repo/bl30/src_ao/demos/amlogic/driver/str//suspend.o
                0x00000000f71f27f6                vCLK_resume
 .text.system_resume
                0x00000000f71f27f8       0xa4 gcc//home/zrb/A311D2_20220415/A311D2_20220408_64bit/bootloader/uboot-repo/bl30/src_ao/demos/amlogic/driver/str//suspend.o
                0x00000000f71f27f8                system_resume
 .text.system_suspend
                0x00000000f71f289c       0x40 gcc//home/zrb/A311D2_20220415/A311D2_20220408_64bit/bootloader/uboot-repo/bl30/src_ao/demos/amlogic/driver/str//suspend.o
                0x00000000f71f289c                system_suspend
 .text.vSTRTask
                0x00000000f71f28dc      0x130 gcc//home/zrb/A311D2_20220415/A311D2_20220408_64bit/bootloader/uboot-repo/bl30/src_ao/demos/amlogic/driver/str//suspend.o
 .rodata.vSTRTask
                0x00000000f71f2a0c       0x3c gcc//home/zrb/A311D2_20220415/A311D2_20220408_64bit/bootloader/uboot-repo/bl30/src_ao/demos/amlogic/driver/str//suspend.o
 .text.STR_Wakeup_src_Queue_Send_FromISR
                0x00000000f71f2a48       0x4c gcc//home/zrb/A311D2_20220415/A311D2_20220408_64bit/bootloader/uboot-repo/bl30/src_ao/demos/amlogic/driver/str//suspend.o
                0x00000000f71f2a48                STR_Wakeup_src_Queue_Send_FromISR
 .text.STR_Wakeup_src_Queue_Send
                0x00000000f71f2a94       0x48 gcc//home/zrb/A311D2_20220415/A311D2_20220408_64bit/bootloader/uboot-repo/bl30/src_ao/demos/amlogic/driver/str//suspend.o
                0x00000000f71f2a94                STR_Wakeup_src_Queue_Send
 .text.create_str_task
                0x00000000f71f2adc      0x108 gcc//home/zrb/A311D2_20220415/A311D2_20220408_64bit/bootloader/uboot-repo/bl30/src_ao/demos/amlogic/driver/str//suspend.o
                0x00000000f71f2adc                create_str_task
 .rodata.create_str_task.str1.4
                0x00000000f71f2be4       0x24 gcc//home/zrb/A311D2_20220415/A311D2_20220408_64bit/bootloader/uboot-repo/bl30/src_ao/demos/amlogic/driver/str//suspend.o
                                         0x41 (size before relaxing)
 .rodata.str1.4
                0x00000000f71f2c08       0x72 gcc//home/zrb/A311D2_20220415/A311D2_20220408_64bit/bootloader/uboot-repo/bl30/src_ao/demos/amlogic/driver/str//suspend.o
 *fill*         0x00000000f71f2c7a        0x2 
 .rodata.vSTRTask.str1.4
                0x00000000f71f2c7c       0x9c gcc//home/zrb/A311D2_20220415/A311D2_20220408_64bit/bootloader/uboot-repo/bl30/src_ao/demos/amlogic/driver/str//suspend.o
 .rodata.xMboxGetStickRebootFlag.str1.4
                0x00000000f71f2d18       0x1e gcc//home/zrb/A311D2_20220415/A311D2_20220408_64bit/bootloader/uboot-repo/bl30/src_ao/demos/amlogic/driver/str//suspend.o
 *fill*         0x00000000f71f2d36        0x2 
 .rodata.xMboxSuspend_Sem.str1.4
                0x00000000f71f2d38       0x11 gcc//home/zrb/A311D2_20220415/A311D2_20220408_64bit/bootloader/uboot-repo/bl30/src_ao/demos/amlogic/driver/str//suspend.o
 *fill*         0x00000000f71f2d49        0x1 
 .text.mailbox_htbl_init
                0x00000000f71f2d4a       0x3a gcc//home/zrb/A311D2_20220415/A311D2_20220408_64bit/bootloader/uboot-repo/bl30/src_ao/demos/amlogic/driver/mailbox//mailbox-htbl.o
                0x00000000f71f2d4a                mailbox_htbl_init
 .text.mailbox_htbl_reg_feedback
                0x00000000f71f2d84       0x5c gcc//home/zrb/A311D2_20220415/A311D2_20220408_64bit/bootloader/uboot-repo/bl30/src_ao/demos/amlogic/driver/mailbox//mailbox-htbl.o
                0x00000000f71f2d84                mailbox_htbl_reg_feedback
 .text.mailbox_htbl_invokeCmd
                0x00000000f71f2de0       0x5e gcc//home/zrb/A311D2_20220415/A311D2_20220408_64bit/bootloader/uboot-repo/bl30/src_ao/demos/amlogic/driver/mailbox//mailbox-htbl.o
                0x00000000f71f2de0                mailbox_htbl_invokeCmd
 *fill*         0x00000000f71f2e3e        0x2 
 .rodata.mailbox_htbl_invokeCmd.str1.4
                0x00000000f71f2e40       0x17 gcc//home/zrb/A311D2_20220415/A311D2_20220408_64bit/bootloader/uboot-repo/bl30/src_ao/demos/amlogic/driver/mailbox//mailbox-htbl.o
 *fill*         0x00000000f71f2e57        0x1 
 .rodata.mailbox_htbl_reg.str1.4
                0x00000000f71f2e58       0x4a gcc//home/zrb/A311D2_20220415/A311D2_20220408_64bit/bootloader/uboot-repo/bl30/src_ao/demos/amlogic/driver/mailbox//mailbox-htbl.o
 *fill*         0x00000000f71f2ea2        0x2 
 .rodata.mailbox_htbl_reg_feedback.str1.4
                0x00000000f71f2ea4       0x20 gcc//home/zrb/A311D2_20220415/A311D2_20220408_64bit/bootloader/uboot-repo/bl30/src_ao/demos/amlogic/driver/mailbox//mailbox-htbl.o
 .text.vMbDefaultHandler
                0x00000000f71f2ec4        0x2 gcc//home/zrb/A311D2_20220415/A311D2_20220408_64bit/bootloader/uboot-repo/bl30/src_ao/demos/amlogic/driver/mailbox//mailbox-irq.o
                0x00000000f71f2ec4                vMbDefaultHandler
 .text.vSetMbIrqHandler
                0x00000000f71f2ec6       0x50 gcc//home/zrb/A311D2_20220415/A311D2_20220408_64bit/bootloader/uboot-repo/bl30/src_ao/demos/amlogic/driver/mailbox//mailbox-irq.o
                0x00000000f71f2ec6                vSetMbIrqHandler
 .text.vEnableMbInterrupt
                0x00000000f71f2f16        0x2 gcc//home/zrb/A311D2_20220415/A311D2_20220408_64bit/bootloader/uboot-repo/bl30/src_ao/demos/amlogic/driver/mailbox//mailbox-irq.o
                0x00000000f71f2f16                vEnableMbInterrupt
 .text.vDisableMbInterrupt
                0x00000000f71f2f18        0x2 gcc//home/zrb/A311D2_20220415/A311D2_20220408_64bit/bootloader/uboot-repo/bl30/src_ao/demos/amlogic/driver/mailbox//mailbox-irq.o
                0x00000000f71f2f18                vDisableMbInterrupt
 .text.vClrMbInterrupt
                0x00000000f71f2f1a        0xe gcc//home/zrb/A311D2_20220415/A311D2_20220408_64bit/bootloader/uboot-repo/bl30/src_ao/demos/amlogic/driver/mailbox//mailbox-irq.o
                0x00000000f71f2f1a                vClrMbInterrupt
 .text.xGetMbIrqStats
                0x00000000f71f2f28        0xe gcc//home/zrb/A311D2_20220415/A311D2_20220408_64bit/bootloader/uboot-repo/bl30/src_ao/demos/amlogic/driver/mailbox//mailbox-irq.o
                0x00000000f71f2f28                xGetMbIrqStats
 .text.vMbHandleIsr
                0x00000000f71f2f36       0x88 gcc//home/zrb/A311D2_20220415/A311D2_20220408_64bit/bootloader/uboot-repo/bl30/src_ao/demos/amlogic/driver/mailbox//mailbox.o
 .text.xGetRevMbox.part.0
                0x00000000f71f2fbe       0x22 gcc//home/zrb/A311D2_20220415/A311D2_20220408_64bit/bootloader/uboot-repo/bl30/src_ao/demos/amlogic/driver/mailbox//mailbox.o
 .text.vDspSyncTask
                0x00000000f71f2fe0      0x148 gcc//home/zrb/A311D2_20220415/A311D2_20220408_64bit/bootloader/uboot-repo/bl30/src_ao/demos/amlogic/driver/mailbox//mailbox.o
 .text.vTeeSyncTask
                0x00000000f71f3128      0x14a gcc//home/zrb/A311D2_20220415/A311D2_20220408_64bit/bootloader/uboot-repo/bl30/src_ao/demos/amlogic/driver/mailbox//mailbox.o
 .text.vReeSyncTask
                0x00000000f71f3272      0x14a gcc//home/zrb/A311D2_20220415/A311D2_20220408_64bit/bootloader/uboot-repo/bl30/src_ao/demos/amlogic/driver/mailbox//mailbox.o
 .text.vAoRevMbHandler
                0x00000000f71f33bc      0x2e4 gcc//home/zrb/A311D2_20220415/A311D2_20220408_64bit/bootloader/uboot-repo/bl30/src_ao/demos/amlogic/driver/mailbox//mailbox.o
 .text.vMbInit  0x00000000f71f36a0       0xfa gcc//home/zrb/A311D2_20220415/A311D2_20220408_64bit/bootloader/uboot-repo/bl30/src_ao/demos/amlogic/driver/mailbox//mailbox.o
                0x00000000f71f36a0                vMbInit
 .text.xInstallRemoteMessageCallbackFeedBack
                0x00000000f71f379a       0x3e gcc//home/zrb/A311D2_20220415/A311D2_20220408_64bit/bootloader/uboot-repo/bl30/src_ao/demos/amlogic/driver/mailbox//mailbox.o
                0x00000000f71f379a                xInstallRemoteMessageCallbackFeedBack
 .rodata.vAoRevMbHandler.str1.4
                0x00000000f71f37d8       0x67 gcc//home/zrb/A311D2_20220415/A311D2_20220408_64bit/bootloader/uboot-repo/bl30/src_ao/demos/amlogic/driver/mailbox//mailbox.o
 *fill*         0x00000000f71f383f        0x1 
 .rodata.vMbHandleIsr.str1.4
                0x00000000f71f3840       0x1e gcc//home/zrb/A311D2_20220415/A311D2_20220408_64bit/bootloader/uboot-repo/bl30/src_ao/demos/amlogic/driver/mailbox//mailbox.o
 *fill*         0x00000000f71f385e        0x2 
 .rodata.vMbInit.str1.4
                0x00000000f71f3860       0x64 gcc//home/zrb/A311D2_20220415/A311D2_20220408_64bit/bootloader/uboot-repo/bl30/src_ao/demos/amlogic/driver/mailbox//mailbox.o
 .rodata.xGetRevMbox.part.0.str1.4
                0x00000000f71f38c4       0x7d gcc//home/zrb/A311D2_20220415/A311D2_20220408_64bit/bootloader/uboot-repo/bl30/src_ao/demos/amlogic/driver/mailbox//mailbox.o
                                         0x8f (size before relaxing)
 *fill*         0x00000000f71f3941        0x3 
 .rodata.xInstallRemoteMessageCallbackFeedBack.str1.4
                0x00000000f71f3944       0x7a gcc//home/zrb/A311D2_20220415/A311D2_20220408_64bit/bootloader/uboot-repo/bl30/src_ao/demos/amlogic/driver/mailbox//mailbox.o
 .text.xMboxUintTeeTestCase
                0x00000000f71f39be       0x16 gcc//home/zrb/A311D2_20220415/A311D2_20220408_64bit/bootloader/uboot-repo/bl30/src_ao/demos/amlogic/driver/mailbox//rpc-user.o
 .text.xMboxUintReeTestCase
                0x00000000f71f39d4       0x82 gcc//home/zrb/A311D2_20220415/A311D2_20220408_64bit/bootloader/uboot-repo/bl30/src_ao/demos/amlogic/driver/mailbox//rpc-user.o
 .text.vRpcUserCmdInit
                0x00000000f71f3a56       0x88 gcc//home/zrb/A311D2_20220415/A311D2_20220408_64bit/bootloader/uboot-repo/bl30/src_ao/demos/amlogic/driver/mailbox//rpc-user.o
                0x00000000f71f3a56                vRpcUserCmdInit
 *fill*         0x00000000f71f3ade        0x2 
 .rodata        0x00000000f71f3ae0       0x14 gcc//home/zrb/A311D2_20220415/A311D2_20220408_64bit/bootloader/uboot-repo/bl30/src_ao/demos/amlogic/driver/mailbox//rpc-user.o
 .rodata.vRpcUserCmdInit.str1.4
                0x00000000f71f3af4       0x23 gcc//home/zrb/A311D2_20220415/A311D2_20220408_64bit/bootloader/uboot-repo/bl30/src_ao/demos/amlogic/driver/mailbox//rpc-user.o
 *fill*         0x00000000f71f3b17        0x1 
 .rodata.xMboxUintReeTestCase.str1.4
                0x00000000f71f3b18       0x27 gcc//home/zrb/A311D2_20220415/A311D2_20220408_64bit/bootloader/uboot-repo/bl30/src_ao/demos/amlogic/driver/mailbox//rpc-user.o
 *fill*         0x00000000f71f3b3f        0x1 
 .rodata.xMboxUintTeeTestCase.str1.4
                0x00000000f71f3b40       0x14 gcc//home/zrb/A311D2_20220415/A311D2_20220408_64bit/bootloader/uboot-repo/bl30/src_ao/demos/amlogic/driver/mailbox//rpc-user.o
                                         0x1c (size before relaxing)
 .text.version  0x00000000f71f3b54       0x20 gcc//home/zrb/A311D2_20220415/A311D2_20220408_64bit/bootloader/uboot-repo/bl30/src_ao/demos/amlogic/driver/get_version//version.o
                0x00000000f71f3b54                version
 .rodata.version.str1.4
                0x00000000f71f3b74       0x72 gcc//home/zrb/A311D2_20220415/A311D2_20220408_64bit/bootloader/uboot-repo/bl30/src_ao/demos/amlogic/driver/get_version//version.o
 .text.timere_read
                0x00000000f71f3be6       0x24 gcc//home/zrb/A311D2_20220415/A311D2_20220408_64bit/bootloader/uboot-repo/bl30/src_ao/demos/amlogic/driver/timer_source//timer_source.o
                0x00000000f71f3be6                timere_read
 .text.xMboxSetRTC
                0x00000000f71f3c0a       0x3c gcc//home/zrb/A311D2_20220415/A311D2_20220408_64bit/bootloader/uboot-repo/bl30/src_ao/demos/amlogic/driver/vrtc//vrtc.o
                0x00000000f71f3c0a                xMboxSetRTC
 .text.xMboxGetRTC
                0x00000000f71f3c46       0x4e gcc//home/zrb/A311D2_20220415/A311D2_20220408_64bit/bootloader/uboot-repo/bl30/src_ao/demos/amlogic/driver/vrtc//vrtc.o
                0x00000000f71f3c46                xMboxGetRTC
 .text.valarm_update
                0x00000000f71f3c94       0x6a gcc//home/zrb/A311D2_20220415/A311D2_20220408_64bit/bootloader/uboot-repo/bl30/src_ao/demos/amlogic/driver/vrtc//vrtc.o
 .text.vRTC_update
                0x00000000f71f3cfe       0x42 gcc//home/zrb/A311D2_20220415/A311D2_20220408_64bit/bootloader/uboot-repo/bl30/src_ao/demos/amlogic/driver/vrtc//vrtc.o
                0x00000000f71f3cfe                vRTC_update
 .text.vRtcInit
                0x00000000f71f3d40       0x88 gcc//home/zrb/A311D2_20220415/A311D2_20220408_64bit/bootloader/uboot-repo/bl30/src_ao/demos/amlogic/driver/vrtc//vrtc.o
                0x00000000f71f3d40                vRtcInit
 .text.alarm_set
                0x00000000f71f3dc8       0x5e gcc//home/zrb/A311D2_20220415/A311D2_20220408_64bit/bootloader/uboot-repo/bl30/src_ao/demos/amlogic/driver/vrtc//vrtc.o
                0x00000000f71f3dc8                alarm_set
 .text.alarm_clr
                0x00000000f71f3e26       0x1e gcc//home/zrb/A311D2_20220415/A311D2_20220408_64bit/bootloader/uboot-repo/bl30/src_ao/demos/amlogic/driver/vrtc//vrtc.o
                0x00000000f71f3e26                alarm_clr
 .text.vCreat_alarm_timer
                0x00000000f71f3e44       0x2e gcc//home/zrb/A311D2_20220415/A311D2_20220408_64bit/bootloader/uboot-repo/bl30/src_ao/demos/amlogic/driver/vrtc//vrtc.o
                0x00000000f71f3e44                vCreat_alarm_timer
 *fill*         0x00000000f71f3e72        0x2 
 .rodata.alarm_set.str1.4
                0x00000000f71f3e74       0x16 gcc//home/zrb/A311D2_20220415/A311D2_20220408_64bit/bootloader/uboot-repo/bl30/src_ao/demos/amlogic/driver/vrtc//vrtc.o
 .rodata.vCreat_alarm_timer.str1.4
                0x00000000f71f3e8a       0x16 gcc//home/zrb/A311D2_20220415/A311D2_20220408_64bit/bootloader/uboot-repo/bl30/src_ao/demos/amlogic/driver/vrtc//vrtc.o
                                          0x6 (size before relaxing)
 .rodata.vRtcInit.str1.4
                0x00000000f71f3e8a       0x23 gcc//home/zrb/A311D2_20220415/A311D2_20220408_64bit/bootloader/uboot-repo/bl30/src_ao/demos/amlogic/driver/vrtc//vrtc.o
 *fill*         0x00000000f71f3e8a        0x2 
 .rodata.valarm_update.str1.4
                0x00000000f71f3e8c       0x18 gcc//home/zrb/A311D2_20220415/A311D2_20220408_64bit/bootloader/uboot-repo/bl30/src_ao/demos/amlogic/driver/vrtc//vrtc.o
 .rodata.xMboxGetRTC.str1.4
                0x00000000f71f3ea4       0x1c gcc//home/zrb/A311D2_20220415/A311D2_20220408_64bit/bootloader/uboot-repo/bl30/src_ao/demos/amlogic/driver/vrtc//vrtc.o
 .rodata.xMboxSetRTC.str1.4
                0x00000000f71f3ec0       0x25 gcc//home/zrb/A311D2_20220415/A311D2_20220408_64bit/bootloader/uboot-repo/bl30/src_ao/demos/amlogic/driver/vrtc//vrtc.o
 *fill*         0x00000000f71f3ee5        0x1 
 .text.vSetIRWorkMode
                0x00000000f71f3ee6       0xb8 gcc//home/zrb/A311D2_20220415/A311D2_20220408_64bit/bootloader/uboot-repo/bl30/src_ao/demos/amlogic/driver/ir//ir.o
 .text.vIRIntteruptHandler
                0x00000000f71f3f9e      0x13e gcc//home/zrb/A311D2_20220415/A311D2_20220408_64bit/bootloader/uboot-repo/bl30/src_ao/demos/amlogic/driver/ir//ir.o
 .text.vInitIRWorkMode
                0x00000000f71f40dc       0x3a gcc//home/zrb/A311D2_20220415/A311D2_20220408_64bit/bootloader/uboot-repo/bl30/src_ao/demos/amlogic/driver/ir//ir.o
                0x00000000f71f40dc                vInitIRWorkMode
 .text.vIRInit  0x00000000f71f4116       0xe2 gcc//home/zrb/A311D2_20220415/A311D2_20220408_64bit/bootloader/uboot-repo/bl30/src_ao/demos/amlogic/driver/ir//ir.o
                0x00000000f71f4116                vIRInit
 .text.vIRDeint
                0x00000000f71f41f8       0x26 gcc//home/zrb/A311D2_20220415/A311D2_20220408_64bit/bootloader/uboot-repo/bl30/src_ao/demos/amlogic/driver/ir//ir.o
                0x00000000f71f41f8                vIRDeint
 *fill*         0x00000000f71f421e        0x2 
 .rodata.__func__.3065
                0x00000000f71f4220        0xf gcc//home/zrb/A311D2_20220415/A311D2_20220408_64bit/bootloader/uboot-repo/bl30/src_ao/demos/amlogic/driver/ir//ir.o
 *fill*         0x00000000f71f422f        0x1 
 .rodata.__func__.3093
                0x00000000f71f4230       0x14 gcc//home/zrb/A311D2_20220415/A311D2_20220408_64bit/bootloader/uboot-repo/bl30/src_ao/demos/amlogic/driver/ir//ir.o
 .rodata.vIRInit.str1.4
                0x00000000f71f4244       0x7c gcc//home/zrb/A311D2_20220415/A311D2_20220408_64bit/bootloader/uboot-repo/bl30/src_ao/demos/amlogic/driver/ir//ir.o
 .rodata.vIRIntteruptHandler.str1.4
                0x00000000f71f42c0       0x42 gcc//home/zrb/A311D2_20220415/A311D2_20220408_64bit/bootloader/uboot-repo/bl30/src_ao/demos/amlogic/driver/ir//ir.o
 *fill*         0x00000000f71f4302        0x2 
 .rodata.vSetIRWorkMode.str1.4
                0x00000000f71f4304       0x36 gcc//home/zrb/A311D2_20220415/A311D2_20220408_64bit/bootloader/uboot-repo/bl30/src_ao/demos/amlogic/driver/ir//ir.o
 .text.pGetIRDrvData
                0x00000000f71f433a        0xa gcc//home/zrb/A311D2_20220415/A311D2_20220408_64bit/bootloader/uboot-repo/bl30/src_ao/demos/amlogic/driver/ir//ir_regmap.o
                0x00000000f71f433a                pGetIRDrvData
 .text.pGetSupportProtocol
                0x00000000f71f4344        0xa gcc//home/zrb/A311D2_20220415/A311D2_20220408_64bit/bootloader/uboot-repo/bl30/src_ao/demos/amlogic/driver/ir//ir_regmap.o
                0x00000000f71f4344                pGetSupportProtocol
 .text.vUartPutc
                0x00000000f71f434e       0x3a gcc//home/zrb/A311D2_20220415/A311D2_20220408_64bit/bootloader/uboot-repo/bl30/src_ao/demos/amlogic/driver/uart//uart.o
                0x00000000f71f434e                vUartPutc
 .text.vUartPuts
                0x00000000f71f4388       0x22 gcc//home/zrb/A311D2_20220415/A311D2_20220408_64bit/bootloader/uboot-repo/bl30/src_ao/demos/amlogic/driver/uart//uart.o
                0x00000000f71f4388                vUartPuts
 .text.prvDetectGpioKey
                0x00000000f71f43aa       0xca gcc//home/zrb/A311D2_20220415/A311D2_20220408_64bit/bootloader/uboot-repo/bl30/src_ao/demos/amlogic/driver/key//gpio_key.o
 .text.prvGpioKeyHandler
                0x00000000f71f4474       0x30 gcc//home/zrb/A311D2_20220415/A311D2_20220408_64bit/bootloader/uboot-repo/bl30/src_ao/demos/amlogic/driver/key//gpio_key.o
 .text.vCreateGpioKey
                0x00000000f71f44a4      0x112 gcc//home/zrb/A311D2_20220415/A311D2_20220408_64bit/bootloader/uboot-repo/bl30/src_ao/demos/amlogic/driver/key//gpio_key.o
                0x00000000f71f44a4                vCreateGpioKey
 .text.vDestoryGpioKey
                0x00000000f71f45b6       0x64 gcc//home/zrb/A311D2_20220415/A311D2_20220408_64bit/bootloader/uboot-repo/bl30/src_ao/demos/amlogic/driver/key//gpio_key.o
                0x00000000f71f45b6                vDestoryGpioKey
 .text.vGpioKeyEnable
                0x00000000f71f461a       0x70 gcc//home/zrb/A311D2_20220415/A311D2_20220408_64bit/bootloader/uboot-repo/bl30/src_ao/demos/amlogic/driver/key//gpio_key.o
                0x00000000f71f461a                vGpioKeyEnable
 .text.vGpioKeyDisable
                0x00000000f71f468a       0x28 gcc//home/zrb/A311D2_20220415/A311D2_20220408_64bit/bootloader/uboot-repo/bl30/src_ao/demos/amlogic/driver/key//gpio_key.o
                0x00000000f71f468a                vGpioKeyDisable
 *fill*         0x00000000f71f46b2        0x2 
 .rodata.vCreateGpioKey.str1.4
                0x00000000f71f46b4       0x67 gcc//home/zrb/A311D2_20220415/A311D2_20220408_64bit/bootloader/uboot-repo/bl30/src_ao/demos/amlogic/driver/key//gpio_key.o
 *fill*         0x00000000f71f471b        0x1 
 .rodata.vDestoryGpioKey.str1.4
                0x00000000f71f471c       0x1c gcc//home/zrb/A311D2_20220415/A311D2_20220408_64bit/bootloader/uboot-repo/bl30/src_ao/demos/amlogic/driver/key//gpio_key.o
 .text.vPrintTask2
                0x00000000f71f4738        0xc gcc/main.o
 .text.vPrintTask1
                0x00000000f71f4744        0xe gcc/main.o
 .text.vPrintSystemStatus
                0x00000000f71f4752       0x10 gcc/main.o
 .text.startup.main
                0x00000000f71f4762      0x110 gcc/main.o
                0x00000000f71f4762                main
 .text.vApplicationIdleHook
                0x00000000f71f4872        0x6 gcc/main.o
                0x00000000f71f4872                vApplicationIdleHook
 .text.vApplicationMallocFailedHook
                0x00000000f71f4878       0x12 gcc/main.o
                0x00000000f71f4878                vApplicationMallocFailedHook
 .text.vApplicationStackOverflowHook
                0x00000000f71f488a       0x18 gcc/main.o
                0x00000000f71f488a                vApplicationStackOverflowHook
 *fill*         0x00000000f71f48a2        0x2 
 .rodata.main.str1.4
                0x00000000f71f48a4       0x7a gcc/main.o
                                         0x82 (size before relaxing)
 *fill*         0x00000000f71f491e        0x2 
 .rodata.vApplicationMallocFailedHook.str1.4
                0x00000000f71f4920       0x1e gcc/main.o
 *fill*         0x00000000f71f493e        0x2 
 .rodata.vApplicationStackOverflowHook.str1.4
                0x00000000f71f4940       0x1f gcc/main.o
 *fill*         0x00000000f71f495f        0x1 
 .text.vIRHandler
                0x00000000f71f4960       0x38 gcc/power.o
 .text.str_hw_init
                0x00000000f71f4998       0x5c gcc/power.o
                0x00000000f71f4998                str_hw_init
 .text.str_hw_disable
                0x00000000f71f49f4       0x32 gcc/power.o
                0x00000000f71f49f4                str_hw_disable
 .text.str_power_on
                0x00000000f71f4a26       0xca gcc/power.o
                0x00000000f71f4a26                str_power_on
 .text.str_power_off
                0x00000000f71f4af0       0xd0 gcc/power.o
                0x00000000f71f4af0                str_power_off
 .rodata.str_hw_init.str1.4
                0x00000000f71f4bc0        0x8 gcc/power.o
 .rodata.str_power_off.str1.4
                0x00000000f71f4bc8       0x1c gcc/power.o
 .rodata.str_power_on.str1.4
                0x00000000f71f4be4       0xc4 gcc/power.o
 .text.vListInitialise
                0x00000000f71f4ca8       0x14 gcc/list.o
                0x00000000f71f4ca8                vListInitialise
 .text.vListInitialiseItem
                0x00000000f71f4cbc        0x6 gcc/list.o
                0x00000000f71f4cbc                vListInitialiseItem
 .text.vListInsertEnd
                0x00000000f71f4cc2       0x18 gcc/list.o
                0x00000000f71f4cc2                vListInsertEnd
 .text.vListInsert
                0x00000000f71f4cda       0x30 gcc/list.o
                0x00000000f71f4cda                vListInsert
 .text.uxListRemove
                0x00000000f71f4d0a       0x2e gcc/list.o
                0x00000000f71f4d0a                uxListRemove
 .text.prvCopyDataToQueue
                0x00000000f71f4d38       0xa4 gcc/queue.o
 .text.prvCopyDataFromQueue
                0x00000000f71f4ddc       0x1e gcc/queue.o
 .text.prvUnlockQueue
                0x00000000f71f4dfa       0xb6 gcc/queue.o
 .text.xQueueGenericReset
                0x00000000f71f4eb0       0xa0 gcc/queue.o
                0x00000000f71f4eb0                xQueueGenericReset
 .text.xQueueGenericCreate
                0x00000000f71f4f50       0x82 gcc/queue.o
                0x00000000f71f4f50                xQueueGenericCreate
 .text.xQueueGenericSend
                0x00000000f71f4fd2      0x1c6 gcc/queue.o
                0x00000000f71f4fd2                xQueueGenericSend
 .text.xQueueGenericSendFromISR
                0x00000000f71f5198       0xfe gcc/queue.o
                0x00000000f71f5198                xQueueGenericSendFromISR
 .text.xQueueReceive
                0x00000000f71f5296      0x180 gcc/queue.o
                0x00000000f71f5296                xQueueReceive
 .text.xQueueSemaphoreTake
                0x00000000f71f5416      0x1e0 gcc/queue.o
                0x00000000f71f5416                xQueueSemaphoreTake
 .text.vQueueAddToRegistry
                0x00000000f71f55f6       0x26 gcc/queue.o
                0x00000000f71f55f6                vQueueAddToRegistry
 .text.vQueueWaitForMessageRestricted
                0x00000000f71f561c       0x6c gcc/queue.o
                0x00000000f71f561c                vQueueWaitForMessageRestricted
 .rodata.xQueueGenericReset.str1.4
                0x00000000f71f5688       0x24 gcc/queue.o
                                         0x33 (size before relaxing)
 .text.prvResetNextTaskUnblockTime.part.0
                0x00000000f71f56ac       0x1a gcc/tasks.o
 .text.prvAddCurrentTaskToDelayedList
                0x00000000f71f56c6       0xb2 gcc/tasks.o
 .text.vTaskEnterCritical.part.5
                0x00000000f71f5778       0x14 gcc/tasks.o
 .text.vTaskExitCritical.part.6
                0x00000000f71f578c       0x1c gcc/tasks.o
 .text.prvIdleTask
                0x00000000f71f57a8       0xb6 gcc/tasks.o
 .text.xTaskCreate
                0x00000000f71f585e      0x260 gcc/tasks.o
                0x00000000f71f585e                xTaskCreate
 .text.vTaskDelete
                0x00000000f71f5abe      0x130 gcc/tasks.o
                0x00000000f71f5abe                vTaskDelete
 .text.vTaskStartScheduler
                0x00000000f71f5bee       0x8c gcc/tasks.o
                0x00000000f71f5bee                vTaskStartScheduler
 .text.vTaskSuspendAll
                0x00000000f71f5c7a       0x10 gcc/tasks.o
                0x00000000f71f5c7a                vTaskSuspendAll
 .text.xTaskGetTickCount
                0x00000000f71f5c8a       0x46 gcc/tasks.o
                0x00000000f71f5c8a                xTaskGetTickCount
 .text.xTaskIncrementTick
                0x00000000f71f5cd0      0x1cc gcc/tasks.o
                0x00000000f71f5cd0                xTaskIncrementTick
 .text.xTaskResumeAll
                0x00000000f71f5e9c      0x182 gcc/tasks.o
                0x00000000f71f5e9c                xTaskResumeAll
 .text.vTaskDelay
                0x00000000f71f601e       0x60 gcc/tasks.o
                0x00000000f71f601e                vTaskDelay
 .text.vTaskSwitchContext
                0x00000000f71f607e       0xc2 gcc/tasks.o
                0x00000000f71f607e                vTaskSwitchContext
 .text.vTaskPlaceOnEventList
                0x00000000f71f6140       0x48 gcc/tasks.o
                0x00000000f71f6140                vTaskPlaceOnEventList
 .text.vTaskPlaceOnEventListRestricted
                0x00000000f71f6188       0x52 gcc/tasks.o
                0x00000000f71f6188                vTaskPlaceOnEventListRestricted
 .text.xTaskRemoveFromEventList
                0x00000000f71f61da       0xb8 gcc/tasks.o
                0x00000000f71f61da                xTaskRemoveFromEventList
 .text.vTaskInternalSetTimeOutState
                0x00000000f71f6292       0x1a gcc/tasks.o
                0x00000000f71f6292                vTaskInternalSetTimeOutState
 .text.xTaskCheckForTimeOut
                0x00000000f71f62ac       0xee gcc/tasks.o
                0x00000000f71f62ac                xTaskCheckForTimeOut
 .text.vTaskMissedYield
                0x00000000f71f639a        0xc gcc/tasks.o
                0x00000000f71f639a                vTaskMissedYield
 .text.xTaskGetSchedulerState
                0x00000000f71f63a6       0x20 gcc/tasks.o
                0x00000000f71f63a6                xTaskGetSchedulerState
 .text.xTaskPriorityInherit
                0x00000000f71f63c6       0xb6 gcc/tasks.o
                0x00000000f71f63c6                xTaskPriorityInherit
 .text.xTaskPriorityDisinherit
                0x00000000f71f647c       0xc0 gcc/tasks.o
                0x00000000f71f647c                xTaskPriorityDisinherit
 .text.vTaskPriorityDisinheritAfterTimeout
                0x00000000f71f653c       0xe6 gcc/tasks.o
                0x00000000f71f653c                vTaskPriorityDisinheritAfterTimeout
 .text.vTaskEnterCritical
                0x00000000f71f6622       0x16 gcc/tasks.o
                0x00000000f71f6622                vTaskEnterCritical
 .text.vTaskExitCritical
                0x00000000f71f6638       0x20 gcc/tasks.o
                0x00000000f71f6638                vTaskExitCritical
 .text.pvTaskIncrementMutexHeldCount
                0x00000000f71f6658       0x18 gcc/tasks.o
                0x00000000f71f6658                pvTaskIncrementMutexHeldCount
 .text.ulTaskNotifyTake
                0x00000000f71f6670       0xaa gcc/tasks.o
                0x00000000f71f6670                ulTaskNotifyTake
 .text.vTaskNotifyGiveFromISR
                0x00000000f71f671a       0xfe gcc/tasks.o
                0x00000000f71f671a                vTaskNotifyGiveFromISR
 .text.vTaskDumpStack
                0x00000000f71f6818       0x94 gcc/tasks.o
                0x00000000f71f6818                vTaskDumpStack
 .rodata.vTaskDelete.str1.4
                0x00000000f71f68ac       0x24 gcc/tasks.o
                                         0x33 (size before relaxing)
 .rodata.vTaskDumpStack.str1.4
                0x00000000f71f68d0       0x1e gcc/tasks.o
                                         0x22 (size before relaxing)
 *fill*         0x00000000f71f68ee        0x2 
 .rodata.vTaskStartScheduler.str1.4
                0x00000000f71f68f0        0x5 gcc/tasks.o
 *fill*         0x00000000f71f68f5        0x1 
 .text.prvCheckForValidListAndQueue
                0x00000000f71f68f6       0x72 gcc/timers.o
 .text.prvInsertTimerInActiveList
                0x00000000f71f6968       0x5c gcc/timers.o
 .text.xTimerCreateTimerTask
                0x00000000f71f69c4       0x5e gcc/timers.o
                0x00000000f71f69c4                xTimerCreateTimerTask
 .text.xTimerCreate
                0x00000000f71f6a22       0x78 gcc/timers.o
                0x00000000f71f6a22                xTimerCreate
 .text.xTimerGenericCommand
                0x00000000f71f6a9a       0x8c gcc/timers.o
                0x00000000f71f6a9a                xTimerGenericCommand
 .text.prvSwitchTimerLists
                0x00000000f71f6b26       0xb0 gcc/timers.o
 .text.prvTimerTask
                0x00000000f71f6bd6      0x222 gcc/timers.o
 .rodata.prvCheckForValidListAndQueue.str1.4
                0x00000000f71f6df8        0x5 gcc/timers.o
 *fill*         0x00000000f71f6dfd        0x3 
 .rodata.xTimerCreateTimerTask.str1.4
                0x00000000f71f6e00       0x30 gcc/timers.o
                                         0x40 (size before relaxing)
 .text.prvTaskExitError
                0x00000000f71f6e30       0x44 gcc/port.o
 .text.ulSynchTrap
                0x00000000f71f6e74      0x196 gcc/port.o
                0x00000000f71f6e74                ulSynchTrap
 .text.vPortClearInterruptMask
                0x00000000f71f700a        0x8 gcc/port.o
                0x00000000f71f700a                vPortClearInterruptMask
 .text.xPortSetInterruptMask
                0x00000000f71f7012       0x1e gcc/port.o
                0x00000000f71f7012                xPortSetInterruptMask
 .text.pxPortInitialiseStack
                0x00000000f71f7030       0x50 gcc/port.o
                0x00000000f71f7030                pxPortInitialiseStack
 .text.vPortSysTickHandler
                0x00000000f71f7080       0x3a gcc/port.o
                0x00000000f71f7080                vPortSysTickHandler
 .text.vPortSetupTimer
                0x00000000f71f70ba       0x54 gcc/port.o
                0x00000000f71f70ba                vPortSetupTimer
 .text.vPortSetup
                0x00000000f71f710e       0x16 gcc/port.o
                0x00000000f71f710e                vPortSetup
 *fill*         0x00000000f71f7124        0x0 
 .rodata.prvTaskExitError.str1.4
                0x00000000f71f7124       0x4e gcc/port.o
                                         0x5e (size before relaxing)
 *fill*         0x00000000f71f7172        0x2 
 .rodata.ulSynchTrap.str1.4
                0x00000000f71f7174      0x1c6 gcc/port.o
 *fill*         0x00000000f71f733a        0x6 
 .text.entry    0x00000000f71f7340      0x324 gcc/portasm.o
                0x00000000f71f7340                trap_entry
                0x00000000f71f73cc                irq_entry
                0x00000000f71f7488                eclic_mtip_handler
                0x00000000f71f7538                xPortStartScheduler
                0x00000000f71f75c0                vPortYield
                0x00000000f71f7636                vPortEndScheduler
 .text.prvInsertBlockIntoFreeList
                0x00000000f71f7664       0x52 gcc/heap_5.o
 .text.vPortFree
                0x00000000f71f76b6       0x9a gcc/heap_5.o
                0x00000000f71f76b6                vPortFree
 .text.vPortDefineHeapRegions
                0x00000000f71f7750      0x178 gcc/heap_5.o
                0x00000000f71f7750                vPortDefineHeapRegions
 .text.pvPortMalloc
                0x00000000f71f78c8      0x122 gcc/heap_5.o
                0x00000000f71f78c8                pvPortMalloc
 *fill*         0x00000000f71f79ea        0x2 
 .rodata.vPortFree.str1.4
                0x00000000f71f79ec       0x36 gcc/heap_5.o
                                         0x47 (size before relaxing)
 .text.xPortIsIsrContext
                0x00000000f71f7a22        0xa gcc/n200_func.o
                0x00000000f71f7a22                xPortIsIsrContext
 .text.eclic_init
                0x00000000f71f7a2c       0x3a gcc/interrupt_control.o
                0x00000000f71f7a2c                eclic_init
 .text.eclic_enable_interrupt
                0x00000000f71f7a66       0x12 gcc/interrupt_control.o
                0x00000000f71f7a66                eclic_enable_interrupt
 .text.eclic_set_intctrl
                0x00000000f71f7a78       0x10 gcc/interrupt_control.o
                0x00000000f71f7a78                eclic_set_intctrl
 .text.eclic_set_intattr
                0x00000000f71f7a88       0x10 gcc/interrupt_control.o
                0x00000000f71f7a88                eclic_set_intattr
 .text.eclic_get_intattr
                0x00000000f71f7a98       0x10 gcc/interrupt_control.o
                0x00000000f71f7a98                eclic_get_intattr
 .text.eclic_set_mth
                0x00000000f71f7aa8        0xa gcc/interrupt_control.o
                0x00000000f71f7aa8                eclic_set_mth
 .text.eclic_get_mth
                0x00000000f71f7ab2        0xa gcc/interrupt_control.o
                0x00000000f71f7ab2                eclic_get_mth
 .text.eclic_set_nlbits
                0x00000000f71f7abc       0x18 gcc/interrupt_control.o
                0x00000000f71f7abc                eclic_set_nlbits
 .text.int_src_sel
                0x00000000f71f7ad4       0x6c gcc/interrupt_control.o
                0x00000000f71f7ad4                int_src_sel
 .text.int_src_clean
                0x00000000f71f7b40       0x4a gcc/interrupt_control.o
                0x00000000f71f7b40                int_src_clean
 .text.eclic_map_interrupt
                0x00000000f71f7b8a       0x46 gcc/interrupt_control.o
                0x00000000f71f7b8a                eclic_map_interrupt
 .text.RegisterIrq
                0x00000000f71f7bd0       0xd2 gcc/interrupt_control.o
                0x00000000f71f7bd0                RegisterIrq
 .text.UnRegisterIrq
                0x00000000f71f7ca2       0x8c gcc/interrupt_control.o
                0x00000000f71f7ca2                UnRegisterIrq
 .text.EnableIrq
                0x00000000f71f7d2e       0x4a gcc/interrupt_control.o
                0x00000000f71f7d2e                EnableIrq
 .text.DisableIrq
                0x00000000f71f7d78       0x46 gcc/interrupt_control.o
                0x00000000f71f7d78                DisableIrq
 .text.ClearPendingIrq
                0x00000000f71f7dbe       0x4e gcc/interrupt_control.o
                0x00000000f71f7dbe                ClearPendingIrq
 .rodata.RegisterIrq.str1.4
                0x00000000f71f7e0c       0x12 gcc/interrupt_control.o
 *fill*         0x00000000f71f7e1e        0x2 
 .rodata.UnRegisterIrq.str1.4
                0x00000000f71f7e20       0x23 gcc/interrupt_control.o
 *fill*         0x00000000f71f7e43        0x1 
 .rodata.eclic_map_interrupt.str1.4
                0x00000000f71f7e44       0x1f gcc/interrupt_control.o
 *fill*         0x00000000f71f7e63        0x1 
 .rodata.int_src_sel.str1.4
                0x00000000f71f7e64       0x1c gcc/interrupt_control.o
 .text.strlen   0x00000000f71f7e80       0x1e gcc/util.o
                0x00000000f71f7e80                strlen
 .text.memcpy   0x00000000f71f7e9e       0x84 gcc/util.o
                0x00000000f71f7e9e                memcpy
 .text.memset   0x00000000f71f7f22       0x74 gcc/util.o
                0x00000000f71f7f22                memset
 .text.uint64divmod
                0x00000000f71f7f96       0xc2 gcc/util.o
                0x00000000f71f7f96                uint64divmod
 .text.snprintf_addchar
                0x00000000f71f8058       0x20 gcc/myprintf.o
 .text.vfnprintf
                0x00000000f71f8078      0x494 gcc/myprintf.o
                0x00000000f71f8078                vfnprintf
 .rodata.vfnprintf
                0x00000000f71f850c      0x128 gcc/myprintf.o
 .text.iprintf  0x00000000f71f8634       0x68 gcc/myprintf.o
                0x00000000f71f8634                iprintf
 .text.vGpioKeyCallBack
                0x00000000f71f869c       0x40 gcc/keypad.o
 .text.vKeyPadInit
                0x00000000f71f86dc       0x1a gcc/keypad.o
                0x00000000f71f86dc                vKeyPadInit
 .text.vKeyPadDeinit
                0x00000000f71f86f6       0x10 gcc/keypad.o
                0x00000000f71f86f6                vKeyPadDeinit
 *fill*         0x00000000f71f8706        0x2 
 .rodata.vGpioKeyCallBack.str1.4
                0x00000000f71f8708       0x34 gcc/keypad.o
 .text.Bt_IRQHandle
                0x00000000f71f873c       0x62 gcc/btwake.o
 .text.Bt_GpioIRQRegister
                0x00000000f71f879e       0x38 gcc/btwake.o
                0x00000000f71f879e                Bt_GpioIRQRegister
 .text.Bt_GpioIRQFree
                0x00000000f71f87d6       0x24 gcc/btwake.o
                0x00000000f71f87d6                Bt_GpioIRQFree
 *fill*         0x00000000f71f87fa        0x2 
 .rodata.Bt_GpioIRQRegister.str1.4
                0x00000000f71f87fc        0x7 gcc/btwake.o
 *fill*         0x00000000f71f8803        0x1 
 .rodata.Bt_IRQHandle.str1.4
                0x00000000f71f8804       0x20 gcc/btwake.o
 .rodata.__func__.2588
                0x00000000f71f8824        0xd gcc/btwake.o
 *fill*         0x00000000f71f8831        0x3 
 .rodata.__func__.2592
                0x00000000f71f8834       0x13 gcc/btwake.o
 *fill*         0x00000000f71f8847        0x1 
 .rodata.__func__.2596
                0x00000000f71f8848        0xf gcc/btwake.o
 *fill*         0x00000000f71f8857        0x1 
 .rodata.__clz_tab
                0x00000000f71f8858      0x100 /opt/riscv-none-gcc/8.2.0-2.2-20190521-0004/bin/../lib/gcc/riscv-none-embed/8.2.0/rv32im/ilp32/libgcc.a(_clz.o)
                0x00000000f71f8858                __clz_tab
 .text.__udivdi3
                0x00000000f71f8958      0x4a0 /opt/riscv-none-gcc/8.2.0-2.2-20190521-0004/bin/../lib/gcc/riscv-none-embed/8.2.0/rv32im/ilp32/libgcc.a(_udivdi3.o)
                0x00000000f71f8958                __udivdi3
                0x00000000f71f8e00                . = ALIGN (0x100)
 *fill*         0x00000000f71f8df8        0x8 
                [!provide]                        PROVIDE (_etext = .)
 *(.vtable)
 .vtable        0x00000000f71f8e00       0xcc gcc/vtable.o
                0x00000000f71f8e00                vector_base

.rela.dyn       0x00000000f71f8ecc        0x0
 .rela.text.system_resume
                0x00000000f71f8ecc        0x0 gcc//home/zrb/A311D2_20220415/A311D2_20220408_64bit/bootloader/uboot-repo/bl30/src_ao/demos/amlogic/driver/cec//hdmi_cec.o
 .rela.text.system_suspend
                0x00000000f71f8ecc        0x0 gcc//home/zrb/A311D2_20220415/A311D2_20220408_64bit/bootloader/uboot-repo/bl30/src_ao/demos/amlogic/driver/cec//hdmi_cec.o
 .rela.init     0x00000000f71f8ecc        0x0 gcc//home/zrb/A311D2_20220415/A311D2_20220408_64bit/bootloader/uboot-repo/bl30/src_ao/demos/amlogic/driver/cec//hdmi_cec.o

.data           0x00000000f71f8ecc      0x240
                0x00000000f71f8ecc                _data = .
 *(vtable)
 *(.sdata* .data*)
 .data.cec_reg_tab
                0x00000000f71f8ecc       0x60 gcc//home/zrb/A311D2_20220415/A311D2_20220408_64bit/bootloader/uboot-repo/bl30/src_ao/demos/amlogic/driver/cec//hdmi_cec.o
                0x00000000f71f8ecc                cec_reg_tab
 .sdata.cec_timeout_cnt.3461
                0x00000000f71f8f2c        0x4 gcc//home/zrb/A311D2_20220415/A311D2_20220408_64bit/bootloader/uboot-repo/bl30/src_ao/demos/amlogic/driver/cec//hdmi_cec.o
 .sdata2.__func__.3311
                0x00000000f71f8f30        0x8 gcc//home/zrb/A311D2_20220415/A311D2_20220408_64bit/bootloader/uboot-repo/bl30/src_ao/demos/amlogic/driver/cec//hdmi_cec.o
 .data.eeIRQs   0x00000000f71f8f38       0x60 gcc//home/zrb/A311D2_20220415/A311D2_20220408_64bit/bootloader/uboot-repo/bl30/src_ao/demos/amlogic/driver/gpio//gpio_t7_plat.o
 .data.vWakeupReason
                0x00000000f71f8f98       0x3c gcc//home/zrb/A311D2_20220415/A311D2_20220408_64bit/bootloader/uboot-repo/bl30/src_ao/demos/amlogic/driver/str//suspend.o
                0x00000000f71f8f98                vWakeupReason
 .sdata2.__func__.3108
                0x00000000f71f8fd4        0x8 gcc//home/zrb/A311D2_20220415/A311D2_20220408_64bit/bootloader/uboot-repo/bl30/src_ao/demos/amlogic/driver/ir//ir.o
 .data.xNECLegacyRegList
                0x00000000f71f8fdc       0x38 gcc//home/zrb/A311D2_20220415/A311D2_20220408_64bit/bootloader/uboot-repo/bl30/src_ao/demos/amlogic/driver/ir//ir_regmap.o
 .data.xNECRegList
                0x00000000f71f9014       0x50 gcc//home/zrb/A311D2_20220415/A311D2_20220408_64bit/bootloader/uboot-repo/bl30/src_ao/demos/amlogic/driver/ir//ir_regmap.o
 .data.xSupportProtocol
                0x00000000f71f9064        0xc gcc//home/zrb/A311D2_20220415/A311D2_20220408_64bit/bootloader/uboot-repo/bl30/src_ao/demos/amlogic/driver/ir//ir_regmap.o
 .sdata.xNECDecode
                0x00000000f71f9070        0x8 gcc//home/zrb/A311D2_20220415/A311D2_20220408_64bit/bootloader/uboot-repo/bl30/src_ao/demos/amlogic/driver/ir//ir_regmap.o
 .sdata.xNECLegacyDecode
                0x00000000f71f9078        0x8 gcc//home/zrb/A311D2_20220415/A311D2_20220408_64bit/bootloader/uboot-repo/bl30/src_ao/demos/amlogic/driver/ir//ir_regmap.o
 .data.prvPowerKeyList
                0x00000000f71f9080       0x40 gcc/power.o
 .sdata.MSTATUS_INIT
                0x00000000f71f90c0        0x4 gcc/port.o
                0x00000000f71f90c0                MSTATUS_INIT
 .sdata.uxCriticalNesting
                0x00000000f71f90c4        0x4 gcc/port.o
                0x00000000f71f90c4                uxCriticalNesting
 .data.xDefRegion
                0x00000000f71f90c8       0x10 gcc/heap_5.o
 .sdata2.error_str
                0x00000000f71f90d8        0x6 gcc/myprintf.o
 *fill*         0x00000000f71f90de        0x2 
 .data.gpioKeyInfo
                0x00000000f71f90e0       0x2c gcc/keypad.o
                0x00000000f71f90e0                gpioKeyInfo
                0x00000000f71f910c                _edata = .

.bss            0x00000000f71f910c      0xa14
                0x00000000f71f910c                _bss = .
 *(.sbss*)
 .sbss.busy_count.3623
                0x00000000f71f910c        0x4 gcc//home/zrb/A311D2_20220415/A311D2_20220408_64bit/bootloader/uboot-repo/bl30/src_ao/demos/amlogic/driver/cec//hdmi_cec.o
 .sbss.cec_chip
                0x00000000f71f9110        0x4 gcc//home/zrb/A311D2_20220415/A311D2_20220408_64bit/bootloader/uboot-repo/bl30/src_ao/demos/amlogic/driver/cec//hdmi_cec.o
 .sbss.cec_ip   0x00000000f71f9114        0x4 gcc//home/zrb/A311D2_20220415/A311D2_20220408_64bit/bootloader/uboot-repo/bl30/src_ao/demos/amlogic/driver/cec//hdmi_cec.o
 .sbss.cec_wait_addr
                0x00000000f71f9118        0x4 gcc//home/zrb/A311D2_20220415/A311D2_20220408_64bit/bootloader/uboot-repo/bl30/src_ao/demos/amlogic/driver/cec//hdmi_cec.o
 .sbss.cec_wakup
                0x00000000f71f911c        0x4 gcc//home/zrb/A311D2_20220415/A311D2_20220408_64bit/bootloader/uboot-repo/bl30/src_ao/demos/amlogic/driver/cec//hdmi_cec.o
 .sbss.cec_wakup_flag
                0x00000000f71f9120        0x4 gcc//home/zrb/A311D2_20220415/A311D2_20220408_64bit/bootloader/uboot-repo/bl30/src_ao/demos/amlogic/driver/cec//hdmi_cec.o
 .sbss.hdmi_cec_func_config
                0x00000000f71f9124        0x1 gcc//home/zrb/A311D2_20220415/A311D2_20220408_64bit/bootloader/uboot-repo/bl30/src_ao/demos/amlogic/driver/cec//hdmi_cec.o
 *fill*         0x00000000f71f9125        0x3 
 .sbss.idle_cnt
                0x00000000f71f9128        0x4 gcc//home/zrb/A311D2_20220415/A311D2_20220408_64bit/bootloader/uboot-repo/bl30/src_ao/demos/amlogic/driver/cec//hdmi_cec.o
 .sbss.idx.3646
                0x00000000f71f912c        0x1 gcc//home/zrb/A311D2_20220415/A311D2_20220408_64bit/bootloader/uboot-repo/bl30/src_ao/demos/amlogic/driver/cec//hdmi_cec.o
 *fill*         0x00000000f71f912d        0x3 
 .sbss.ping_state
                0x00000000f71f9130        0x4 gcc//home/zrb/A311D2_20220415/A311D2_20220408_64bit/bootloader/uboot-repo/bl30/src_ao/demos/amlogic/driver/cec//hdmi_cec.o
 .sbss.probe    0x00000000f71f9134        0x4 gcc//home/zrb/A311D2_20220415/A311D2_20220408_64bit/bootloader/uboot-repo/bl30/src_ao/demos/amlogic/driver/cec//hdmi_cec.o
 .sbss.retry.3645
                0x00000000f71f9138        0x4 gcc//home/zrb/A311D2_20220415/A311D2_20220408_64bit/bootloader/uboot-repo/bl30/src_ao/demos/amlogic/driver/cec//hdmi_cec.o
 .sbss.sub_idx.3647
                0x00000000f71f913c        0x1 gcc//home/zrb/A311D2_20220415/A311D2_20220408_64bit/bootloader/uboot-repo/bl30/src_ao/demos/amlogic/driver/cec//hdmi_cec.o
 *fill*         0x00000000f71f913d        0x3 
 .sbss.power_mode
                0x00000000f71f9140        0x4 gcc//home/zrb/A311D2_20220415/A311D2_20220408_64bit/bootloader/uboot-repo/bl30/src_ao/demos/amlogic/driver/str//suspend.o
                0x00000000f71f9140                power_mode
 .sbss.suspend_flag
                0x00000000f71f9144        0x4 gcc//home/zrb/A311D2_20220415/A311D2_20220408_64bit/bootloader/uboot-repo/bl30/src_ao/demos/amlogic/driver/str//suspend.o
                0x00000000f71f9144                suspend_flag
 .sbss.xSTRQueue
                0x00000000f71f9148        0x4 gcc//home/zrb/A311D2_20220415/A311D2_20220408_64bit/bootloader/uboot-repo/bl30/src_ao/demos/amlogic/driver/str//suspend.o
                0x00000000f71f9148                xSTRQueue
 .sbss.xSTRSemaphore
                0x00000000f71f914c        0x4 gcc//home/zrb/A311D2_20220415/A311D2_20220408_64bit/bootloader/uboot-repo/bl30/src_ao/demos/amlogic/driver/str//suspend.o
                0x00000000f71f914c                xSTRSemaphore
 .sbss.DspmbHandler
                0x00000000f71f9150        0x4 gcc//home/zrb/A311D2_20220415/A311D2_20220408_64bit/bootloader/uboot-repo/bl30/src_ao/demos/amlogic/driver/mailbox//mailbox.o
                0x00000000f71f9150                DspmbHandler
 .sbss.ReembHandler
                0x00000000f71f9154        0x4 gcc//home/zrb/A311D2_20220415/A311D2_20220408_64bit/bootloader/uboot-repo/bl30/src_ao/demos/amlogic/driver/mailbox//mailbox.o
                0x00000000f71f9154                ReembHandler
 .sbss.TeembHandler
                0x00000000f71f9158        0x4 gcc//home/zrb/A311D2_20220415/A311D2_20220408_64bit/bootloader/uboot-repo/bl30/src_ao/demos/amlogic/driver/mailbox//mailbox.o
                0x00000000f71f9158                TeembHandler
 .sbss.g_tbl_ao
                0x00000000f71f915c        0x4 gcc//home/zrb/A311D2_20220415/A311D2_20220408_64bit/bootloader/uboot-repo/bl30/src_ao/demos/amlogic/driver/mailbox//mailbox.o
                0x00000000f71f915c                g_tbl_ao
 .sbss.ulDspSyncTaskWake
                0x00000000f71f9160        0x4 gcc//home/zrb/A311D2_20220415/A311D2_20220408_64bit/bootloader/uboot-repo/bl30/src_ao/demos/amlogic/driver/mailbox//mailbox.o
 .sbss.ulReeSyncTaskWake
                0x00000000f71f9164        0x4 gcc//home/zrb/A311D2_20220415/A311D2_20220408_64bit/bootloader/uboot-repo/bl30/src_ao/demos/amlogic/driver/mailbox//mailbox.o
 .sbss.ulTeeSyncTaskWake
                0x00000000f71f9168        0x4 gcc//home/zrb/A311D2_20220415/A311D2_20220408_64bit/bootloader/uboot-repo/bl30/src_ao/demos/amlogic/driver/mailbox//mailbox.o
 .sbss.last_time
                0x00000000f71f916c        0x4 gcc//home/zrb/A311D2_20220415/A311D2_20220408_64bit/bootloader/uboot-repo/bl30/src_ao/demos/amlogic/driver/vrtc//vrtc.o
 .sbss.time_start
                0x00000000f71f9170        0x4 gcc//home/zrb/A311D2_20220415/A311D2_20220408_64bit/bootloader/uboot-repo/bl30/src_ao/demos/amlogic/driver/vrtc//vrtc.o
 .sbss.xRTCTimer
                0x00000000f71f9174        0x4 gcc//home/zrb/A311D2_20220415/A311D2_20220408_64bit/bootloader/uboot-repo/bl30/src_ao/demos/amlogic/driver/vrtc//vrtc.o
 .sbss.xGpioKeyCycleTimer
                0x00000000f71f9178        0x4 gcc//home/zrb/A311D2_20220415/A311D2_20220408_64bit/bootloader/uboot-repo/bl30/src_ao/demos/amlogic/driver/key//gpio_key.o
 .sbss.xHeadKey
                0x00000000f71f917c        0x4 gcc//home/zrb/A311D2_20220415/A311D2_20220408_64bit/bootloader/uboot-repo/bl30/src_ao/demos/amlogic/driver/key//gpio_key.o
 .sbss.xSoftTimer
                0x00000000f71f9180        0x4 gcc/main.o
                0x00000000f71f9180                xSoftTimer
 .sbss.cecTask  0x00000000f71f9184        0x4 gcc/power.o
 .sbss.pxCurrentTCB
                0x00000000f71f9188        0x4 gcc/tasks.o
                0x00000000f71f9188                pxCurrentTCB
 .sbss.pxDelayedTaskList
                0x00000000f71f918c        0x4 gcc/tasks.o
 .sbss.pxOverflowDelayedTaskList
                0x00000000f71f9190        0x4 gcc/tasks.o
 .sbss.uxCurrentNumberOfTasks
                0x00000000f71f9194        0x4 gcc/tasks.o
 .sbss.uxDeletedTasksWaitingCleanUp
                0x00000000f71f9198        0x4 gcc/tasks.o
 .sbss.uxPendedTicks
                0x00000000f71f919c        0x4 gcc/tasks.o
 .sbss.uxSchedulerSuspended
                0x00000000f71f91a0        0x4 gcc/tasks.o
 .sbss.uxTaskNumber
                0x00000000f71f91a4        0x4 gcc/tasks.o
 .sbss.uxTopReadyPriority
                0x00000000f71f91a8        0x4 gcc/tasks.o
 .sbss.xIdleTaskHandle
                0x00000000f71f91ac        0x4 gcc/tasks.o
 .sbss.xNextTaskUnblockTime
                0x00000000f71f91b0        0x4 gcc/tasks.o
 .sbss.xNumOfOverflows
                0x00000000f71f91b4        0x4 gcc/tasks.o
 .sbss.xSchedulerRunning
                0x00000000f71f91b8        0x4 gcc/tasks.o
 .sbss.xTickCount
                0x00000000f71f91bc        0x4 gcc/tasks.o
 .sbss.xYieldPending
                0x00000000f71f91c0        0x4 gcc/tasks.o
 .sbss.pxCurrentTimerList
                0x00000000f71f91c4        0x4 gcc/timers.o
 .sbss.pxOverflowTimerList
                0x00000000f71f91c8        0x4 gcc/timers.o
 .sbss.xLastTime.2869
                0x00000000f71f91cc        0x4 gcc/timers.o
 .sbss.xTimerQueue
                0x00000000f71f91d0        0x4 gcc/timers.o
 .sbss.xTimerTaskHandle
                0x00000000f71f91d4        0x4 gcc/timers.o
 .sbss.pxEnd    0x00000000f71f91d8        0x4 gcc/heap_5.o
 .sbss.xBlockAllocatedBit
                0x00000000f71f91dc        0x4 gcc/heap_5.o
 .sbss.xFreeBytesRemaining
                0x00000000f71f91e0        0x4 gcc/heap_5.o
 .sbss.xMinimumEverFreeBytesRemaining
                0x00000000f71f91e4        0x4 gcc/heap_5.o
 .sbss.xStart   0x00000000f71f91e8        0x8 gcc/heap_5.o
 *(.gnu.linkonce.sb.*)
 *(.bss .bss.*)
 .bss.cec_as_msg
                0x00000000f71f91f0       0x11 gcc//home/zrb/A311D2_20220415/A311D2_20220408_64bit/bootloader/uboot-repo/bl30/src_ao/demos/amlogic/driver/cec//hdmi_cec.o
 *fill*         0x00000000f71f9201        0x3 
 .bss.cec_mailbox
                0x00000000f71f9204       0x1c gcc//home/zrb/A311D2_20220415/A311D2_20220408_64bit/bootloader/uboot-repo/bl30/src_ao/demos/amlogic/driver/cec//hdmi_cec.o
                0x00000000f71f9204                cec_mailbox
 .bss.cec_msg   0x00000000f71f9220       0x29 gcc//home/zrb/A311D2_20220415/A311D2_20220408_64bit/bootloader/uboot-repo/bl30/src_ao/demos/amlogic/driver/cec//hdmi_cec.o
 *fill*         0x00000000f71f9249        0x3 
 .bss.cec_otp_msg
                0x00000000f71f924c       0x11 gcc//home/zrb/A311D2_20220415/A311D2_20220408_64bit/bootloader/uboot-repo/bl30/src_ao/demos/amlogic/driver/cec//hdmi_cec.o
 *fill*         0x00000000f71f925d        0x3 
 .bss.cec_tx_msgs
                0x00000000f71f9260       0x4a gcc//home/zrb/A311D2_20220415/A311D2_20220408_64bit/bootloader/uboot-repo/bl30/src_ao/demos/amlogic/driver/cec//hdmi_cec.o
                0x00000000f71f9260                cec_tx_msgs
 *fill*         0x00000000f71f92aa        0x2 
 .bss.GpioIrqRegBackup
                0x00000000f71f92ac       0x20 gcc//home/zrb/A311D2_20220415/A311D2_20220408_64bit/bootloader/uboot-repo/bl30/src_ao/demos/amlogic/driver/gpio//gpio_irq.o
 .bss.xMbHandlerTable
                0x00000000f71f92cc      0x300 gcc//home/zrb/A311D2_20220415/A311D2_20220408_64bit/bootloader/uboot-repo/bl30/src_ao/demos/amlogic/driver/mailbox//mailbox-irq.o
                0x00000000f71f92cc                xMbHandlerTable
 .bss.syncDspMbInfo
                0x00000000f71f95cc       0x88 gcc//home/zrb/A311D2_20220415/A311D2_20220408_64bit/bootloader/uboot-repo/bl30/src_ao/demos/amlogic/driver/mailbox//mailbox.o
                0x00000000f71f95cc                syncDspMbInfo
 .bss.syncReeMbInfo
                0x00000000f71f9654       0x88 gcc//home/zrb/A311D2_20220415/A311D2_20220408_64bit/bootloader/uboot-repo/bl30/src_ao/demos/amlogic/driver/mailbox//mailbox.o
                0x00000000f71f9654                syncReeMbInfo
 .bss.syncTeeMbInfo
                0x00000000f71f96dc       0x88 gcc//home/zrb/A311D2_20220415/A311D2_20220408_64bit/bootloader/uboot-repo/bl30/src_ao/demos/amlogic/driver/mailbox//mailbox.o
                0x00000000f71f96dc                syncTeeMbInfo
 .bss.xIRDrvPrvData
                0x00000000f71f9764       0x10 gcc//home/zrb/A311D2_20220415/A311D2_20220408_64bit/bootloader/uboot-repo/bl30/src_ao/demos/amlogic/driver/ir//ir_regmap.o
 .bss.xQueueRegistry
                0x00000000f71f9774       0x50 gcc/queue.o
                0x00000000f71f9774                xQueueRegistry
 .bss.pxReadyTasksLists
                0x00000000f71f97c4       0x50 gcc/tasks.o
 .bss.xDelayedTaskList1
                0x00000000f71f9814       0x14 gcc/tasks.o
 .bss.xDelayedTaskList2
                0x00000000f71f9828       0x14 gcc/tasks.o
 .bss.xPendingReadyList
                0x00000000f71f983c       0x14 gcc/tasks.o
 .bss.xSuspendedTaskList
                0x00000000f71f9850       0x14 gcc/tasks.o
 .bss.xTasksWaitingTermination
                0x00000000f71f9864       0x14 gcc/tasks.o
 .bss.xActiveTimerList1
                0x00000000f71f9878       0x14 gcc/timers.o
 .bss.xActiveTimerList2
                0x00000000f71f988c       0x14 gcc/timers.o
 .bss.eclic_interrupt_inner
                0x00000000f71f98a0       0x80 gcc/interrupt_control.o
                0x00000000f71f98a0                eclic_interrupt_inner
 .bss.printbuffer
                0x00000000f71f9920      0x200 gcc/myprintf.o
 *(.gnu.linkonce.b.*)
                0x00000000f71f9b20                . = ALIGN (0x4)
                0x00000000f71f9b20                _ebss = .

.stack          0x00000000f71f9b20      0x8e0
                [!provide]                        PROVIDE (_stack = .)
                0x00000000f71f9c00                . = ALIGN (0x400)
 *fill*         0x00000000f71f9b20       0xe0 
                0x00000000f71fa400                . = (. + __stack_size)
 *fill*         0x00000000f71f9c00      0x800 
                0x00000000f71fa400                PROVIDE (_sp = .)
OUTPUT(gcc/RTOSDemo.axf elf32-littleriscv)

.debug_info     0x0000000000000000    0x28c21
 .debug_info    0x0000000000000000     0x4eeb gcc//home/zrb/A311D2_20220415/A311D2_20220408_64bit/bootloader/uboot-repo/bl30/src_ao/demos/amlogic/driver/cec//hdmi_cec.o
 .debug_info    0x0000000000004eeb     0x18ec gcc//home/zrb/A311D2_20220415/A311D2_20220408_64bit/bootloader/uboot-repo/bl30/src_ao/demos/amlogic/driver/gpio//gpio.o
 .debug_info    0x00000000000067d7      0xf5d gcc//home/zrb/A311D2_20220415/A311D2_20220408_64bit/bootloader/uboot-repo/bl30/src_ao/demos/amlogic/driver/gpio//gpio_irq.o
 .debug_info    0x0000000000007734      0xdb8 gcc//home/zrb/A311D2_20220415/A311D2_20220408_64bit/bootloader/uboot-repo/bl30/src_ao/demos/amlogic/driver/gpio//gpio_t7_plat.o
 .debug_info    0x00000000000084ec      0xdc3 gcc//home/zrb/A311D2_20220415/A311D2_20220408_64bit/bootloader/uboot-repo/bl30/src_ao/demos/amlogic/driver/hdmirx/t7_common//hdmirx_wake.o
 .debug_info    0x00000000000092af     0x15ac gcc//home/zrb/A311D2_20220415/A311D2_20220408_64bit/bootloader/uboot-repo/bl30/src_ao/demos/amlogic/driver/str//suspend.o
 .debug_info    0x000000000000a85b      0xe01 gcc//home/zrb/A311D2_20220415/A311D2_20220408_64bit/bootloader/uboot-repo/bl30/src_ao/demos/amlogic/driver/mailbox//mailbox-htbl.o
 .debug_info    0x000000000000b65c      0xba3 gcc//home/zrb/A311D2_20220415/A311D2_20220408_64bit/bootloader/uboot-repo/bl30/src_ao/demos/amlogic/driver/mailbox//mailbox-irq.o
 .debug_info    0x000000000000c1ff     0x1d5a gcc//home/zrb/A311D2_20220415/A311D2_20220408_64bit/bootloader/uboot-repo/bl30/src_ao/demos/amlogic/driver/mailbox//mailbox.o
 .debug_info    0x000000000000df59      0xd10 gcc//home/zrb/A311D2_20220415/A311D2_20220408_64bit/bootloader/uboot-repo/bl30/src_ao/demos/amlogic/driver/mailbox//rpc-user.o
 .debug_info    0x000000000000ec69      0x986 gcc//home/zrb/A311D2_20220415/A311D2_20220408_64bit/bootloader/uboot-repo/bl30/src_ao/demos/amlogic/driver/get_version//version.o
 .debug_info    0x000000000000f5ef      0xb49 gcc//home/zrb/A311D2_20220415/A311D2_20220408_64bit/bootloader/uboot-repo/bl30/src_ao/demos/amlogic/driver/timer_source//timer_source.o
 .debug_info    0x0000000000010138      0xeef gcc//home/zrb/A311D2_20220415/A311D2_20220408_64bit/bootloader/uboot-repo/bl30/src_ao/demos/amlogic/driver/vrtc//vrtc.o
 .debug_info    0x0000000000011027     0x1682 gcc//home/zrb/A311D2_20220415/A311D2_20220408_64bit/bootloader/uboot-repo/bl30/src_ao/demos/amlogic/driver/ir//ir.o
 .debug_info    0x00000000000126a9      0xc6d gcc//home/zrb/A311D2_20220415/A311D2_20220408_64bit/bootloader/uboot-repo/bl30/src_ao/demos/amlogic/driver/ir//ir_regmap.o
 .debug_info    0x0000000000013316      0xa52 gcc//home/zrb/A311D2_20220415/A311D2_20220408_64bit/bootloader/uboot-repo/bl30/src_ao/demos/amlogic/driver/uart//uart.o
 .debug_info    0x0000000000013d68     0x10ed gcc//home/zrb/A311D2_20220415/A311D2_20220408_64bit/bootloader/uboot-repo/bl30/src_ao/demos/amlogic/driver/key//gpio_key.o
 .debug_info    0x0000000000014e55      0xec0 gcc/main.o
 .debug_info    0x0000000000015d15     0x100f gcc/power.o
 .debug_info    0x0000000000016d24      0xb93 gcc/list.o
 .debug_info    0x00000000000178b7     0x2dde gcc/queue.o
 .debug_info    0x000000000001a695     0x3e22 gcc/tasks.o
 .debug_info    0x000000000001e4b7     0x1f2b gcc/timers.o
 .debug_info    0x00000000000203e2     0x11c5 gcc/port.o
 .debug_info    0x00000000000215a7       0x26 gcc/portasm.o
 .debug_info    0x00000000000215cd     0x102e gcc/heap_5.o
 .debug_info    0x00000000000225fb      0xdf2 gcc/n200_func.o
 .debug_info    0x00000000000233ed     0x1a23 gcc/interrupt_control.o
 .debug_info    0x0000000000024e10     0x138c gcc/util.o
 .debug_info    0x000000000002619c     0x1152 gcc/myprintf.o
 .debug_info    0x00000000000272ee       0x26 gcc/start.o
 .debug_info    0x0000000000027314      0xd56 gcc/keypad.o
 .debug_info    0x000000000002806a      0xbb7 gcc/btwake.o

.debug_abbrev   0x0000000000000000     0x66f8
 .debug_abbrev  0x0000000000000000      0x5a9 gcc//home/zrb/A311D2_20220415/A311D2_20220408_64bit/bootloader/uboot-repo/bl30/src_ao/demos/amlogic/driver/cec//hdmi_cec.o
 .debug_abbrev  0x00000000000005a9      0x32d gcc//home/zrb/A311D2_20220415/A311D2_20220408_64bit/bootloader/uboot-repo/bl30/src_ao/demos/amlogic/driver/gpio//gpio.o
 .debug_abbrev  0x00000000000008d6      0x2ee gcc//home/zrb/A311D2_20220415/A311D2_20220408_64bit/bootloader/uboot-repo/bl30/src_ao/demos/amlogic/driver/gpio//gpio_irq.o
 .debug_abbrev  0x0000000000000bc4      0x24c gcc//home/zrb/A311D2_20220415/A311D2_20220408_64bit/bootloader/uboot-repo/bl30/src_ao/demos/amlogic/driver/gpio//gpio_t7_plat.o
 .debug_abbrev  0x0000000000000e10      0x233 gcc//home/zrb/A311D2_20220415/A311D2_20220408_64bit/bootloader/uboot-repo/bl30/src_ao/demos/amlogic/driver/hdmirx/t7_common//hdmirx_wake.o
 .debug_abbrev  0x0000000000001043      0x4ea gcc//home/zrb/A311D2_20220415/A311D2_20220408_64bit/bootloader/uboot-repo/bl30/src_ao/demos/amlogic/driver/str//suspend.o
 .debug_abbrev  0x000000000000152d      0x305 gcc//home/zrb/A311D2_20220415/A311D2_20220408_64bit/bootloader/uboot-repo/bl30/src_ao/demos/amlogic/driver/mailbox//mailbox-htbl.o
 .debug_abbrev  0x0000000000001832      0x25d gcc//home/zrb/A311D2_20220415/A311D2_20220408_64bit/bootloader/uboot-repo/bl30/src_ao/demos/amlogic/driver/mailbox//mailbox-irq.o
 .debug_abbrev  0x0000000000001a8f      0x4f2 gcc//home/zrb/A311D2_20220415/A311D2_20220408_64bit/bootloader/uboot-repo/bl30/src_ao/demos/amlogic/driver/mailbox//mailbox.o
 .debug_abbrev  0x0000000000001f81      0x2ea gcc//home/zrb/A311D2_20220415/A311D2_20220408_64bit/bootloader/uboot-repo/bl30/src_ao/demos/amlogic/driver/mailbox//rpc-user.o
 .debug_abbrev  0x000000000000226b      0x1c4 gcc//home/zrb/A311D2_20220415/A311D2_20220408_64bit/bootloader/uboot-repo/bl30/src_ao/demos/amlogic/driver/get_version//version.o
 .debug_abbrev  0x000000000000242f      0x2e8 gcc//home/zrb/A311D2_20220415/A311D2_20220408_64bit/bootloader/uboot-repo/bl30/src_ao/demos/amlogic/driver/timer_source//timer_source.o
 .debug_abbrev  0x0000000000002717      0x352 gcc//home/zrb/A311D2_20220415/A311D2_20220408_64bit/bootloader/uboot-repo/bl30/src_ao/demos/amlogic/driver/vrtc//vrtc.o
 .debug_abbrev  0x0000000000002a69      0x416 gcc//home/zrb/A311D2_20220415/A311D2_20220408_64bit/bootloader/uboot-repo/bl30/src_ao/demos/amlogic/driver/ir//ir.o
 .debug_abbrev  0x0000000000002e7f      0x1ef gcc//home/zrb/A311D2_20220415/A311D2_20220408_64bit/bootloader/uboot-repo/bl30/src_ao/demos/amlogic/driver/ir//ir_regmap.o
 .debug_abbrev  0x000000000000306e      0x26a gcc//home/zrb/A311D2_20220415/A311D2_20220408_64bit/bootloader/uboot-repo/bl30/src_ao/demos/amlogic/driver/uart//uart.o
 .debug_abbrev  0x00000000000032d8      0x366 gcc//home/zrb/A311D2_20220415/A311D2_20220408_64bit/bootloader/uboot-repo/bl30/src_ao/demos/amlogic/driver/key//gpio_key.o
 .debug_abbrev  0x000000000000363e      0x2f7 gcc/main.o
 .debug_abbrev  0x0000000000003935      0x295 gcc/power.o
 .debug_abbrev  0x0000000000003bca      0x21b gcc/list.o
 .debug_abbrev  0x0000000000003de5      0x471 gcc/queue.o
 .debug_abbrev  0x0000000000004256      0x502 gcc/tasks.o
 .debug_abbrev  0x0000000000004758      0x3df gcc/timers.o
 .debug_abbrev  0x0000000000004b37      0x34b gcc/port.o
 .debug_abbrev  0x0000000000004e82       0x14 gcc/portasm.o
 .debug_abbrev  0x0000000000004e96      0x3b4 gcc/heap_5.o
 .debug_abbrev  0x000000000000524a      0x2ce gcc/n200_func.o
 .debug_abbrev  0x0000000000005518      0x4f6 gcc/interrupt_control.o
 .debug_abbrev  0x0000000000005a0e      0x3f8 gcc/util.o
 .debug_abbrev  0x0000000000005e06      0x42e gcc/myprintf.o
 .debug_abbrev  0x0000000000006234       0x14 gcc/start.o
 .debug_abbrev  0x0000000000006248      0x27d gcc/keypad.o
 .debug_abbrev  0x00000000000064c5      0x233 gcc/btwake.o

.debug_loc      0x0000000000000000    0x10426
 .debug_loc     0x0000000000000000     0x385e gcc//home/zrb/A311D2_20220415/A311D2_20220408_64bit/bootloader/uboot-repo/bl30/src_ao/demos/amlogic/driver/cec//hdmi_cec.o
 .debug_loc     0x000000000000385e      0xf2f gcc//home/zrb/A311D2_20220415/A311D2_20220408_64bit/bootloader/uboot-repo/bl30/src_ao/demos/amlogic/driver/gpio//gpio.o
 .debug_loc     0x000000000000478d      0x4de gcc//home/zrb/A311D2_20220415/A311D2_20220408_64bit/bootloader/uboot-repo/bl30/src_ao/demos/amlogic/driver/gpio//gpio_irq.o
 .debug_loc     0x0000000000004c6b      0x244 gcc//home/zrb/A311D2_20220415/A311D2_20220408_64bit/bootloader/uboot-repo/bl30/src_ao/demos/amlogic/driver/gpio//gpio_t7_plat.o
 .debug_loc     0x0000000000004eaf      0x3c2 gcc//home/zrb/A311D2_20220415/A311D2_20220408_64bit/bootloader/uboot-repo/bl30/src_ao/demos/amlogic/driver/str//suspend.o
 .debug_loc     0x0000000000005271      0x718 gcc//home/zrb/A311D2_20220415/A311D2_20220408_64bit/bootloader/uboot-repo/bl30/src_ao/demos/amlogic/driver/mailbox//mailbox-htbl.o
 .debug_loc     0x0000000000005989       0xfb gcc//home/zrb/A311D2_20220415/A311D2_20220408_64bit/bootloader/uboot-repo/bl30/src_ao/demos/amlogic/driver/mailbox//mailbox-irq.o
 .debug_loc     0x0000000000005a84      0x7ba gcc//home/zrb/A311D2_20220415/A311D2_20220408_64bit/bootloader/uboot-repo/bl30/src_ao/demos/amlogic/driver/mailbox//mailbox.o
 .debug_loc     0x000000000000623e      0x1a3 gcc//home/zrb/A311D2_20220415/A311D2_20220408_64bit/bootloader/uboot-repo/bl30/src_ao/demos/amlogic/driver/mailbox//rpc-user.o
 .debug_loc     0x00000000000063e1      0x1aa gcc//home/zrb/A311D2_20220415/A311D2_20220408_64bit/bootloader/uboot-repo/bl30/src_ao/demos/amlogic/driver/timer_source//timer_source.o
 .debug_loc     0x000000000000658b      0x1fb gcc//home/zrb/A311D2_20220415/A311D2_20220408_64bit/bootloader/uboot-repo/bl30/src_ao/demos/amlogic/driver/vrtc//vrtc.o
 .debug_loc     0x0000000000006786      0x77e gcc//home/zrb/A311D2_20220415/A311D2_20220408_64bit/bootloader/uboot-repo/bl30/src_ao/demos/amlogic/driver/ir//ir.o
 .debug_loc     0x0000000000006f04       0x58 gcc//home/zrb/A311D2_20220415/A311D2_20220408_64bit/bootloader/uboot-repo/bl30/src_ao/demos/amlogic/driver/uart//uart.o
 .debug_loc     0x0000000000006f5c      0x32d gcc//home/zrb/A311D2_20220415/A311D2_20220408_64bit/bootloader/uboot-repo/bl30/src_ao/demos/amlogic/driver/key//gpio_key.o
 .debug_loc     0x0000000000007289       0xe9 gcc/main.o
 .debug_loc     0x0000000000007372      0x194 gcc/power.o
 .debug_loc     0x0000000000007506       0x58 gcc/list.o
 .debug_loc     0x000000000000755e     0x207c gcc/queue.o
 .debug_loc     0x00000000000095da     0x25c2 gcc/tasks.o
 .debug_loc     0x000000000000bb9c      0xfb0 gcc/timers.o
 .debug_loc     0x000000000000cb4c      0x3ff gcc/port.o
 .debug_loc     0x000000000000cf4b      0x563 gcc/heap_5.o
 .debug_loc     0x000000000000d4ae       0x93 gcc/n200_func.o
 .debug_loc     0x000000000000d541      0xe6c gcc/interrupt_control.o
 .debug_loc     0x000000000000e3ad     0x11f5 gcc/util.o
 .debug_loc     0x000000000000f5a2      0xe3e gcc/myprintf.o
 .debug_loc     0x00000000000103e0       0x46 gcc/keypad.o

.debug_aranges  0x0000000000000000      0xe20
 .debug_aranges
                0x0000000000000000       0xf8 gcc//home/zrb/A311D2_20220415/A311D2_20220408_64bit/bootloader/uboot-repo/bl30/src_ao/demos/amlogic/driver/cec//hdmi_cec.o
 .debug_aranges
                0x00000000000000f8       0x40 gcc//home/zrb/A311D2_20220415/A311D2_20220408_64bit/bootloader/uboot-repo/bl30/src_ao/demos/amlogic/driver/gpio//gpio.o
 .debug_aranges
                0x0000000000000138       0x58 gcc//home/zrb/A311D2_20220415/A311D2_20220408_64bit/bootloader/uboot-repo/bl30/src_ao/demos/amlogic/driver/gpio//gpio_irq.o
 .debug_aranges
                0x0000000000000190       0x30 gcc//home/zrb/A311D2_20220415/A311D2_20220408_64bit/bootloader/uboot-repo/bl30/src_ao/demos/amlogic/driver/gpio//gpio_t7_plat.o
 .debug_aranges
                0x00000000000001c0       0x30 gcc//home/zrb/A311D2_20220415/A311D2_20220408_64bit/bootloader/uboot-repo/bl30/src_ao/demos/amlogic/driver/hdmirx/t7_common//hdmirx_wake.o
 .debug_aranges
                0x00000000000001f0       0xc0 gcc//home/zrb/A311D2_20220415/A311D2_20220408_64bit/bootloader/uboot-repo/bl30/src_ao/demos/amlogic/driver/str//suspend.o